Archive member included because of file (symbol)

c:/program files (x86)/atmel/atmel toolchain/arm gcc/native/4.7.3.1029/arm-gnu-toolchain/bin/../lib/gcc/arm-none-eabi/4.7.3/../../../../arm-none-eabi/lib/armv6-m\libc.a(lib_a-__atexit.o)
                              c:/program files (x86)/atmel/atmel toolchain/arm gcc/native/4.7.3.1029/arm-gnu-toolchain/bin/../lib/gcc/arm-none-eabi/4.7.3/../../../../arm-none-eabi/lib/armv6-m/crt0.o (__register_exitproc)
c:/program files (x86)/atmel/atmel toolchain/arm gcc/native/4.7.3.1029/arm-gnu-toolchain/bin/../lib/gcc/arm-none-eabi/4.7.3/../../../../arm-none-eabi/lib/armv6-m\libc.a(lib_a-exit.o)
                              c:/program files (x86)/atmel/atmel toolchain/arm gcc/native/4.7.3.1029/arm-gnu-toolchain/bin/../lib/gcc/arm-none-eabi/4.7.3/../../../../arm-none-eabi/lib/armv6-m/crt0.o (exit)
c:/program files (x86)/atmel/atmel toolchain/arm gcc/native/4.7.3.1029/arm-gnu-toolchain/bin/../lib/gcc/arm-none-eabi/4.7.3/../../../../arm-none-eabi/lib/armv6-m\libc.a(lib_a-fini.o)
                              c:/program files (x86)/atmel/atmel toolchain/arm gcc/native/4.7.3.1029/arm-gnu-toolchain/bin/../lib/gcc/arm-none-eabi/4.7.3/../../../../arm-none-eabi/lib/armv6-m/crt0.o (__libc_fini_array)
c:/program files (x86)/atmel/atmel toolchain/arm gcc/native/4.7.3.1029/arm-gnu-toolchain/bin/../lib/gcc/arm-none-eabi/4.7.3/../../../../arm-none-eabi/lib/armv6-m\libc.a(lib_a-impure.o)
                              c:/program files (x86)/atmel/atmel toolchain/arm gcc/native/4.7.3.1029/arm-gnu-toolchain/bin/../lib/gcc/arm-none-eabi/4.7.3/../../../../arm-none-eabi/lib/armv6-m\libc.a(lib_a-__atexit.o) (_global_impure_ptr)
c:/program files (x86)/atmel/atmel toolchain/arm gcc/native/4.7.3.1029/arm-gnu-toolchain/bin/../lib/gcc/arm-none-eabi/4.7.3/../../../../arm-none-eabi/lib/armv6-m\libc.a(lib_a-init.o)
                              c:/program files (x86)/atmel/atmel toolchain/arm gcc/native/4.7.3.1029/arm-gnu-toolchain/bin/../lib/gcc/arm-none-eabi/4.7.3/../../../../arm-none-eabi/lib/armv6-m/crt0.o (__libc_init_array)
c:/program files (x86)/atmel/atmel toolchain/arm gcc/native/4.7.3.1029/arm-gnu-toolchain/bin/../lib/gcc/arm-none-eabi/4.7.3/../../../../arm-none-eabi/lib/armv6-m\libc.a(lib_a-memset.o)
                              c:/program files (x86)/atmel/atmel toolchain/arm gcc/native/4.7.3.1029/arm-gnu-toolchain/bin/../lib/gcc/arm-none-eabi/4.7.3/../../../../arm-none-eabi/lib/armv6-m/crt0.o (memset)
c:/program files (x86)/atmel/atmel toolchain/arm gcc/native/4.7.3.1029/arm-gnu-toolchain/bin/../lib/gcc/arm-none-eabi/4.7.3/../../../../arm-none-eabi/lib/armv6-m\libc.a(lib_a-__call_atexit.o)
                              c:/program files (x86)/atmel/atmel toolchain/arm gcc/native/4.7.3.1029/arm-gnu-toolchain/bin/../lib/gcc/arm-none-eabi/4.7.3/../../../../arm-none-eabi/lib/armv6-m\libc.a(lib_a-exit.o) (__call_exitprocs)
c:/program files (x86)/atmel/atmel toolchain/arm gcc/native/4.7.3.1029/arm-gnu-toolchain/bin/../lib/gcc/arm-none-eabi/4.7.3/../../../../arm-none-eabi/lib/armv6-m\libc.a(lib_a-atexit.o)
                              c:/program files (x86)/atmel/atmel toolchain/arm gcc/native/4.7.3.1029/arm-gnu-toolchain/bin/../lib/gcc/arm-none-eabi/4.7.3/../../../../arm-none-eabi/lib/armv6-m\libc.a(lib_a-__call_atexit.o) (atexit)

Allocating common symbols
Common symbol       size              file

a                   0x4               leitorrf.o

Discarded input sections

 .text          0x00000000        0x0 c:/program files (x86)/atmel/atmel toolchain/arm gcc/native/4.7.3.1029/arm-gnu-toolchain/bin/../lib/gcc/arm-none-eabi/4.7.3/armv6-m/crti.o
 .data          0x00000000        0x0 c:/program files (x86)/atmel/atmel toolchain/arm gcc/native/4.7.3.1029/arm-gnu-toolchain/bin/../lib/gcc/arm-none-eabi/4.7.3/armv6-m/crti.o
 .bss           0x00000000        0x0 c:/program files (x86)/atmel/atmel toolchain/arm gcc/native/4.7.3.1029/arm-gnu-toolchain/bin/../lib/gcc/arm-none-eabi/4.7.3/armv6-m/crti.o
 .data          0x00000000        0x4 c:/program files (x86)/atmel/atmel toolchain/arm gcc/native/4.7.3.1029/arm-gnu-toolchain/bin/../lib/gcc/arm-none-eabi/4.7.3/armv6-m/crtbegin.o
 .text          0x00000000       0x74 c:/program files (x86)/atmel/atmel toolchain/arm gcc/native/4.7.3.1029/arm-gnu-toolchain/bin/../lib/gcc/arm-none-eabi/4.7.3/../../../../arm-none-eabi/lib/armv6-m/crt0.o
 .data          0x00000000        0x0 c:/program files (x86)/atmel/atmel toolchain/arm gcc/native/4.7.3.1029/arm-gnu-toolchain/bin/../lib/gcc/arm-none-eabi/4.7.3/../../../../arm-none-eabi/lib/armv6-m/crt0.o
 .bss           0x00000000        0x0 c:/program files (x86)/atmel/atmel toolchain/arm gcc/native/4.7.3.1029/arm-gnu-toolchain/bin/../lib/gcc/arm-none-eabi/4.7.3/../../../../arm-none-eabi/lib/armv6-m/crt0.o
 .ARM.extab     0x00000000        0x0 c:/program files (x86)/atmel/atmel toolchain/arm gcc/native/4.7.3.1029/arm-gnu-toolchain/bin/../lib/gcc/arm-none-eabi/4.7.3/../../../../arm-none-eabi/lib/armv6-m/crt0.o
 .ARM.exidx     0x00000000        0x8 c:/program files (x86)/atmel/atmel toolchain/arm gcc/native/4.7.3.1029/arm-gnu-toolchain/bin/../lib/gcc/arm-none-eabi/4.7.3/../../../../arm-none-eabi/lib/armv6-m/crt0.o
 .ARM.attributes
                0x00000000       0x1c c:/program files (x86)/atmel/atmel toolchain/arm gcc/native/4.7.3.1029/arm-gnu-toolchain/bin/../lib/gcc/arm-none-eabi/4.7.3/../../../../arm-none-eabi/lib/armv6-m/crt0.o
 .debug_line    0x00000000       0xc7 c:/program files (x86)/atmel/atmel toolchain/arm gcc/native/4.7.3.1029/arm-gnu-toolchain/bin/../lib/gcc/arm-none-eabi/4.7.3/../../../../arm-none-eabi/lib/armv6-m/crt0.o
 .debug_info    0x00000000      0x117 c:/program files (x86)/atmel/atmel toolchain/arm gcc/native/4.7.3.1029/arm-gnu-toolchain/bin/../lib/gcc/arm-none-eabi/4.7.3/../../../../arm-none-eabi/lib/armv6-m/crt0.o
 .debug_abbrev  0x00000000       0x14 c:/program files (x86)/atmel/atmel toolchain/arm gcc/native/4.7.3.1029/arm-gnu-toolchain/bin/../lib/gcc/arm-none-eabi/4.7.3/../../../../arm-none-eabi/lib/armv6-m/crt0.o
 .debug_aranges
                0x00000000       0x20 c:/program files (x86)/atmel/atmel toolchain/arm gcc/native/4.7.3.1029/arm-gnu-toolchain/bin/../lib/gcc/arm-none-eabi/4.7.3/../../../../arm-none-eabi/lib/armv6-m/crt0.o
 .group         0x00000000        0x8 cmsis/src/startup_samd20.o
 .group         0x00000000        0x8 cmsis/src/startup_samd20.o
 .group         0x00000000        0x8 cmsis/src/startup_samd20.o
 .group         0x00000000        0x8 cmsis/src/startup_samd20.o
 .group         0x00000000        0x8 cmsis/src/startup_samd20.o
 .group         0x00000000        0x8 cmsis/src/startup_samd20.o
 .group         0x00000000        0x8 cmsis/src/startup_samd20.o
 .group         0x00000000        0x8 cmsis/src/startup_samd20.o
 .group         0x00000000        0x8 cmsis/src/startup_samd20.o
 .group         0x00000000        0x8 cmsis/src/startup_samd20.o
 .group         0x00000000        0x8 cmsis/src/startup_samd20.o
 .group         0x00000000        0x8 cmsis/src/startup_samd20.o
 .group         0x00000000        0x8 cmsis/src/startup_samd20.o
 .group         0x00000000        0x8 cmsis/src/startup_samd20.o
 .group         0x00000000        0x8 cmsis/src/startup_samd20.o
 .group         0x00000000        0x8 cmsis/src/startup_samd20.o
 .group         0x00000000        0x8 cmsis/src/startup_samd20.o
 .group         0x00000000        0x8 cmsis/src/startup_samd20.o
 .group         0x00000000        0x8 cmsis/src/startup_samd20.o
 .group         0x00000000        0x8 cmsis/src/startup_samd20.o
 .group         0x00000000        0x8 cmsis/src/startup_samd20.o
 .group         0x00000000        0x8 cmsis/src/startup_samd20.o
 .group         0x00000000        0x8 cmsis/src/startup_samd20.o
 .group         0x00000000        0x8 cmsis/src/startup_samd20.o
 .group         0x00000000        0x8 cmsis/src/startup_samd20.o
 .group         0x00000000        0x8 cmsis/src/startup_samd20.o
 .group         0x00000000        0x8 cmsis/src/startup_samd20.o
 .group         0x00000000        0x8 cmsis/src/startup_samd20.o
 .group         0x00000000        0x8 cmsis/src/startup_samd20.o
 .group         0x00000000        0x8 cmsis/src/startup_samd20.o
 .group         0x00000000        0x8 cmsis/src/startup_samd20.o
 .group         0x00000000        0x8 cmsis/src/startup_samd20.o
 .group         0x00000000        0x8 cmsis/src/startup_samd20.o
 .group         0x00000000        0x8 cmsis/src/startup_samd20.o
 .group         0x00000000        0x8 cmsis/src/startup_samd20.o
 .group         0x00000000        0x8 cmsis/src/startup_samd20.o
 .group         0x00000000        0x8 cmsis/src/startup_samd20.o
 .group         0x00000000        0x8 cmsis/src/startup_samd20.o
 .group         0x00000000        0x8 cmsis/src/startup_samd20.o
 .group         0x00000000        0x8 cmsis/src/startup_samd20.o
 .group         0x00000000        0x8 cmsis/src/startup_samd20.o
 .group         0x00000000        0x8 cmsis/src/startup_samd20.o
 .group         0x00000000        0x8 cmsis/src/startup_samd20.o
 .group         0x00000000        0x8 cmsis/src/startup_samd20.o
 .group         0x00000000        0x8 cmsis/src/startup_samd20.o
 .group         0x00000000        0x8 cmsis/src/startup_samd20.o
 .group         0x00000000        0x8 cmsis/src/startup_samd20.o
 .group         0x00000000        0x8 cmsis/src/startup_samd20.o
 .group         0x00000000        0x8 cmsis/src/startup_samd20.o
 .group         0x00000000        0x8 cmsis/src/startup_samd20.o
 .group         0x00000000        0x8 cmsis/src/startup_samd20.o
 .group         0x00000000        0x8 cmsis/src/startup_samd20.o
 .group         0x00000000        0x8 cmsis/src/startup_samd20.o
 .group         0x00000000        0x8 cmsis/src/startup_samd20.o
 .group         0x00000000        0x8 cmsis/src/startup_samd20.o
 .text          0x00000000        0x0 cmsis/src/startup_samd20.o
 .data          0x00000000        0x0 cmsis/src/startup_samd20.o
 .bss           0x00000000        0x0 cmsis/src/startup_samd20.o
 .group         0x00000000        0x8 cmsis/src/system_samd20.o
 .group         0x00000000        0x8 cmsis/src/system_samd20.o
 .group         0x00000000        0x8 cmsis/src/system_samd20.o
 .group         0x00000000        0x8 cmsis/src/system_samd20.o
 .group         0x00000000        0x8 cmsis/src/system_samd20.o
 .group         0x00000000        0x8 cmsis/src/system_samd20.o
 .group         0x00000000        0x8 cmsis/src/system_samd20.o
 .group         0x00000000        0x8 cmsis/src/system_samd20.o
 .group         0x00000000        0x8 cmsis/src/system_samd20.o
 .group         0x00000000        0x8 cmsis/src/system_samd20.o
 .group         0x00000000        0x8 cmsis/src/system_samd20.o
 .group         0x00000000        0x8 cmsis/src/system_samd20.o
 .group         0x00000000        0x8 cmsis/src/system_samd20.o
 .group         0x00000000        0x8 cmsis/src/system_samd20.o
 .group         0x00000000        0x8 cmsis/src/system_samd20.o
 .group         0x00000000        0x8 cmsis/src/system_samd20.o
 .group         0x00000000        0x8 cmsis/src/system_samd20.o
 .group         0x00000000        0x8 cmsis/src/system_samd20.o
 .group         0x00000000        0x8 cmsis/src/system_samd20.o
 .group         0x00000000        0x8 cmsis/src/system_samd20.o
 .group         0x00000000        0x8 cmsis/src/system_samd20.o
 .group         0x00000000        0x8 cmsis/src/system_samd20.o
 .group         0x00000000        0x8 cmsis/src/system_samd20.o
 .group         0x00000000        0x8 cmsis/src/system_samd20.o
 .group         0x00000000        0x8 cmsis/src/system_samd20.o
 .group         0x00000000        0x8 cmsis/src/system_samd20.o
 .group         0x00000000        0x8 cmsis/src/system_samd20.o
 .group         0x00000000        0x8 cmsis/src/system_samd20.o
 .group         0x00000000        0x8 cmsis/src/system_samd20.o
 .group         0x00000000        0x8 cmsis/src/system_samd20.o
 .group         0x00000000        0x8 cmsis/src/system_samd20.o
 .group         0x00000000        0x8 cmsis/src/system_samd20.o
 .group         0x00000000        0x8 cmsis/src/system_samd20.o
 .group         0x00000000        0x8 cmsis/src/system_samd20.o
 .group         0x00000000        0x8 cmsis/src/system_samd20.o
 .group         0x00000000        0x8 cmsis/src/system_samd20.o
 .group         0x00000000        0x8 cmsis/src/system_samd20.o
 .group         0x00000000        0x8 cmsis/src/system_samd20.o
 .group         0x00000000        0x8 cmsis/src/system_samd20.o
 .group         0x00000000        0x8 cmsis/src/system_samd20.o
 .group         0x00000000        0x8 cmsis/src/system_samd20.o
 .group         0x00000000        0x8 cmsis/src/system_samd20.o
 .group         0x00000000        0x8 cmsis/src/system_samd20.o
 .group         0x00000000        0x8 cmsis/src/system_samd20.o
 .group         0x00000000        0x8 cmsis/src/system_samd20.o
 .group         0x00000000        0x8 cmsis/src/system_samd20.o
 .group         0x00000000        0x8 cmsis/src/system_samd20.o
 .group         0x00000000        0x8 cmsis/src/system_samd20.o
 .group         0x00000000        0x8 cmsis/src/system_samd20.o
 .group         0x00000000        0x8 cmsis/src/system_samd20.o
 .group         0x00000000        0x8 cmsis/src/system_samd20.o
 .group         0x00000000        0x8 cmsis/src/system_samd20.o
 .group         0x00000000        0x8 cmsis/src/system_samd20.o
 .group         0x00000000        0x8 cmsis/src/system_samd20.o
 .group         0x00000000        0x8 cmsis/src/system_samd20.o
 .text          0x00000000        0x0 cmsis/src/system_samd20.o
 .data          0x00000000        0x4 cmsis/src/system_samd20.o
 .bss           0x00000000        0x0 cmsis/src/system_samd20.o
 .text.SystemInit
                0x00000000       0x10 cmsis/src/system_samd20.o
 .text.SystemCoreClockUpdate
                0x00000000       0x10 cmsis/src/system_samd20.o
 .debug_info    0x00000000       0xc2 cmsis/src/system_samd20.o
 .debug_abbrev  0x00000000       0x65 cmsis/src/system_samd20.o
 .debug_aranges
                0x00000000       0x28 cmsis/src/system_samd20.o
 .debug_ranges  0x00000000       0x18 cmsis/src/system_samd20.o
 .debug_macro   0x00000000      0x269 cmsis/src/system_samd20.o
 .debug_macro   0x00000000      0x7f0 cmsis/src/system_samd20.o
 .debug_macro   0x00000000       0x3a cmsis/src/system_samd20.o
 .debug_macro   0x00000000       0x10 cmsis/src/system_samd20.o
 .debug_macro   0x00000000       0x2e cmsis/src/system_samd20.o
 .debug_macro   0x00000000       0xa3 cmsis/src/system_samd20.o
 .debug_macro   0x00000000      0x20e cmsis/src/system_samd20.o
 .debug_macro   0x00000000       0x3a cmsis/src/system_samd20.o
 .debug_macro   0x00000000       0x3a cmsis/src/system_samd20.o
 .debug_macro   0x00000000       0x1f cmsis/src/system_samd20.o
 .debug_macro   0x00000000      0x250 cmsis/src/system_samd20.o
 .debug_macro   0x00000000      0x637 cmsis/src/system_samd20.o
 .debug_macro   0x00000000      0x7f4 cmsis/src/system_samd20.o
 .debug_macro   0x00000000      0x255 cmsis/src/system_samd20.o
 .debug_macro   0x00000000      0x4b1 cmsis/src/system_samd20.o
 .debug_macro   0x00000000      0x41e cmsis/src/system_samd20.o
 .debug_macro   0x00000000      0x62d cmsis/src/system_samd20.o
 .debug_macro   0x00000000      0x16c cmsis/src/system_samd20.o
 .debug_macro   0x00000000      0x5d0 cmsis/src/system_samd20.o
 .debug_macro   0x00000000       0x58 cmsis/src/system_samd20.o
 .debug_macro   0x00000000      0x439 cmsis/src/system_samd20.o
 .debug_macro   0x00000000      0x301 cmsis/src/system_samd20.o
 .debug_macro   0x00000000      0x8c5 cmsis/src/system_samd20.o
 .debug_macro   0x00000000      0xb70 cmsis/src/system_samd20.o
 .debug_macro   0x00000000      0x92d cmsis/src/system_samd20.o
 .debug_macro   0x00000000      0x53f cmsis/src/system_samd20.o
 .debug_macro   0x00000000      0x15d cmsis/src/system_samd20.o
 .debug_macro   0x00000000       0x76 cmsis/src/system_samd20.o
 .debug_macro   0x00000000       0xa6 cmsis/src/system_samd20.o
 .debug_macro   0x00000000       0x4c cmsis/src/system_samd20.o
 .debug_macro   0x00000000       0xa6 cmsis/src/system_samd20.o
 .debug_macro   0x00000000       0x64 cmsis/src/system_samd20.o
 .debug_macro   0x00000000      0x268 cmsis/src/system_samd20.o
 .debug_macro   0x00000000       0x70 cmsis/src/system_samd20.o
 .debug_macro   0x00000000       0xc4 cmsis/src/system_samd20.o
 .debug_macro   0x00000000       0x1c cmsis/src/system_samd20.o
 .debug_macro   0x00000000       0x1c cmsis/src/system_samd20.o
 .debug_macro   0x00000000       0x1c cmsis/src/system_samd20.o
 .debug_macro   0x00000000       0x7c cmsis/src/system_samd20.o
 .debug_macro   0x00000000      0x14c cmsis/src/system_samd20.o
 .debug_macro   0x00000000       0xca cmsis/src/system_samd20.o
 .debug_macro   0x00000000      0x103 cmsis/src/system_samd20.o
 .debug_macro   0x00000000      0x103 cmsis/src/system_samd20.o
 .debug_macro   0x00000000      0x103 cmsis/src/system_samd20.o
 .debug_macro   0x00000000      0x103 cmsis/src/system_samd20.o
 .debug_macro   0x00000000      0x10c cmsis/src/system_samd20.o
 .debug_macro   0x00000000       0xbe cmsis/src/system_samd20.o
 .debug_macro   0x00000000       0xbe cmsis/src/system_samd20.o
 .debug_macro   0x00000000       0xbe cmsis/src/system_samd20.o
 .debug_macro   0x00000000       0xbe cmsis/src/system_samd20.o
 .debug_macro   0x00000000       0xbe cmsis/src/system_samd20.o
 .debug_macro   0x00000000       0xbe cmsis/src/system_samd20.o
 .debug_macro   0x00000000       0x40 cmsis/src/system_samd20.o
 .debug_macro   0x00000000      0x288 cmsis/src/system_samd20.o
 .debug_macro   0x00000000      0xd13 cmsis/src/system_samd20.o
 .debug_macro   0x00000000       0x3c cmsis/src/system_samd20.o
 .debug_line    0x00000000      0x982 cmsis/src/system_samd20.o
 .debug_str     0x00000000    0x2ff16 cmsis/src/system_samd20.o
 .comment       0x00000000       0x72 cmsis/src/system_samd20.o
 .ARM.attributes
                0x00000000       0x32 cmsis/src/system_samd20.o
 .debug_frame   0x00000000       0x30 cmsis/src/system_samd20.o
 .group         0x00000000        0x8 leitorrf.o
 .group         0x00000000        0x8 leitorrf.o
 .group         0x00000000        0x8 leitorrf.o
 .group         0x00000000        0x8 leitorrf.o
 .group         0x00000000        0x8 leitorrf.o
 .group         0x00000000        0x8 leitorrf.o
 .group         0x00000000        0x8 leitorrf.o
 .group         0x00000000        0x8 leitorrf.o
 .group         0x00000000        0x8 leitorrf.o
 .group         0x00000000        0x8 leitorrf.o
 .group         0x00000000        0x8 leitorrf.o
 .group         0x00000000        0x8 leitorrf.o
 .group         0x00000000        0x8 leitorrf.o
 .group         0x00000000        0x8 leitorrf.o
 .group         0x00000000        0x8 leitorrf.o
 .group         0x00000000        0x8 leitorrf.o
 .group         0x00000000        0x8 leitorrf.o
 .group         0x00000000        0x8 leitorrf.o
 .group         0x00000000        0x8 leitorrf.o
 .group         0x00000000        0x8 leitorrf.o
 .group         0x00000000        0x8 leitorrf.o
 .group         0x00000000        0x8 leitorrf.o
 .group         0x00000000        0x8 leitorrf.o
 .group         0x00000000        0x8 leitorrf.o
 .group         0x00000000        0x8 leitorrf.o
 .group         0x00000000        0x8 leitorrf.o
 .group         0x00000000        0x8 leitorrf.o
 .group         0x00000000        0x8 leitorrf.o
 .group         0x00000000        0x8 leitorrf.o
 .group         0x00000000        0x8 leitorrf.o
 .group         0x00000000        0x8 leitorrf.o
 .group         0x00000000        0x8 leitorrf.o
 .group         0x00000000        0x8 leitorrf.o
 .group         0x00000000        0x8 leitorrf.o
 .group         0x00000000        0x8 leitorrf.o
 .group         0x00000000        0x8 leitorrf.o
 .group         0x00000000        0x8 leitorrf.o
 .group         0x00000000        0x8 leitorrf.o
 .group         0x00000000        0x8 leitorrf.o
 .group         0x00000000        0x8 leitorrf.o
 .group         0x00000000        0x8 leitorrf.o
 .group         0x00000000        0x8 leitorrf.o
 .group         0x00000000        0x8 leitorrf.o
 .group         0x00000000        0x8 leitorrf.o
 .group         0x00000000        0x8 leitorrf.o
 .group         0x00000000        0x8 leitorrf.o
 .group         0x00000000        0x8 leitorrf.o
 .group         0x00000000        0x8 leitorrf.o
 .group         0x00000000        0x8 leitorrf.o
 .group         0x00000000        0x8 leitorrf.o
 .group         0x00000000        0x8 leitorrf.o
 .group         0x00000000        0x8 leitorrf.o
 .group         0x00000000        0x8 leitorrf.o
 .group         0x00000000        0x8 leitorrf.o
 .group         0x00000000        0x8 leitorrf.o
 .group         0x00000000        0x8 leitorrf.o
 .text          0x00000000        0x0 leitorrf.o
 .data          0x00000000        0x0 leitorrf.o
 .bss           0x00000000        0x0 leitorrf.o
 .debug_macro   0x00000000      0x7f0 leitorrf.o
 .debug_macro   0x00000000       0x3a leitorrf.o
 .debug_macro   0x00000000       0x10 leitorrf.o
 .debug_macro   0x00000000       0x2e leitorrf.o
 .debug_macro   0x00000000       0xa3 leitorrf.o
 .debug_macro   0x00000000      0x20e leitorrf.o
 .debug_macro   0x00000000       0x3a leitorrf.o
 .debug_macro   0x00000000       0x3a leitorrf.o
 .debug_macro   0x00000000       0x1f leitorrf.o
 .debug_macro   0x00000000      0x250 leitorrf.o
 .debug_macro   0x00000000      0x637 leitorrf.o
 .debug_macro   0x00000000      0x7f4 leitorrf.o
 .debug_macro   0x00000000      0x255 leitorrf.o
 .debug_macro   0x00000000      0x4b1 leitorrf.o
 .debug_macro   0x00000000      0x41e leitorrf.o
 .debug_macro   0x00000000      0x62d leitorrf.o
 .debug_macro   0x00000000      0x16c leitorrf.o
 .debug_macro   0x00000000      0x5d0 leitorrf.o
 .debug_macro   0x00000000       0x58 leitorrf.o
 .debug_macro   0x00000000      0x439 leitorrf.o
 .debug_macro   0x00000000      0x301 leitorrf.o
 .debug_macro   0x00000000      0x8c5 leitorrf.o
 .debug_macro   0x00000000      0xb70 leitorrf.o
 .debug_macro   0x00000000      0x92d leitorrf.o
 .debug_macro   0x00000000      0x53f leitorrf.o
 .debug_macro   0x00000000      0x15d leitorrf.o
 .debug_macro   0x00000000       0x76 leitorrf.o
 .debug_macro   0x00000000       0xa6 leitorrf.o
 .debug_macro   0x00000000       0x4c leitorrf.o
 .debug_macro   0x00000000       0xa6 leitorrf.o
 .debug_macro   0x00000000       0x64 leitorrf.o
 .debug_macro   0x00000000      0x268 leitorrf.o
 .debug_macro   0x00000000       0x70 leitorrf.o
 .debug_macro   0x00000000       0xc4 leitorrf.o
 .debug_macro   0x00000000       0x1c leitorrf.o
 .debug_macro   0x00000000       0x1c leitorrf.o
 .debug_macro   0x00000000       0x1c leitorrf.o
 .debug_macro   0x00000000       0x7c leitorrf.o
 .debug_macro   0x00000000      0x14c leitorrf.o
 .debug_macro   0x00000000       0xca leitorrf.o
 .debug_macro   0x00000000      0x103 leitorrf.o
 .debug_macro   0x00000000      0x103 leitorrf.o
 .debug_macro   0x00000000      0x103 leitorrf.o
 .debug_macro   0x00000000      0x103 leitorrf.o
 .debug_macro   0x00000000      0x10c leitorrf.o
 .debug_macro   0x00000000       0xbe leitorrf.o
 .debug_macro   0x00000000       0xbe leitorrf.o
 .debug_macro   0x00000000       0xbe leitorrf.o
 .debug_macro   0x00000000       0xbe leitorrf.o
 .debug_macro   0x00000000       0xbe leitorrf.o
 .debug_macro   0x00000000       0xbe leitorrf.o
 .debug_macro   0x00000000       0x40 leitorrf.o
 .debug_macro   0x00000000      0x288 leitorrf.o
 .debug_macro   0x00000000      0xd13 leitorrf.o
 .debug_macro   0x00000000       0x3c leitorrf.o
 .data          0x00000000        0x0 c:/program files (x86)/atmel/atmel toolchain/arm gcc/native/4.7.3.1029/arm-gnu-toolchain/bin/../lib/gcc/arm-none-eabi/4.7.3/../../../../arm-none-eabi/lib/armv6-m\libc.a(lib_a-__atexit.o)
 .bss           0x00000000        0x0 c:/program files (x86)/atmel/atmel toolchain/arm gcc/native/4.7.3.1029/arm-gnu-toolchain/bin/../lib/gcc/arm-none-eabi/4.7.3/../../../../arm-none-eabi/lib/armv6-m\libc.a(lib_a-__atexit.o)
 .text          0x00000000       0x20 c:/program files (x86)/atmel/atmel toolchain/arm gcc/native/4.7.3.1029/arm-gnu-toolchain/bin/../lib/gcc/arm-none-eabi/4.7.3/../../../../arm-none-eabi/lib/armv6-m\libc.a(lib_a-exit.o)
 .data          0x00000000        0x0 c:/program files (x86)/atmel/atmel toolchain/arm gcc/native/4.7.3.1029/arm-gnu-toolchain/bin/../lib/gcc/arm-none-eabi/4.7.3/../../../../arm-none-eabi/lib/armv6-m\libc.a(lib_a-exit.o)
 .bss           0x00000000        0x0 c:/program files (x86)/atmel/atmel toolchain/arm gcc/native/4.7.3.1029/arm-gnu-toolchain/bin/../lib/gcc/arm-none-eabi/4.7.3/../../../../arm-none-eabi/lib/armv6-m\libc.a(lib_a-exit.o)
 .debug_info    0x00000000      0x9bc c:/program files (x86)/atmel/atmel toolchain/arm gcc/native/4.7.3.1029/arm-gnu-toolchain/bin/../lib/gcc/arm-none-eabi/4.7.3/../../../../arm-none-eabi/lib/armv6-m\libc.a(lib_a-exit.o)
 .debug_abbrev  0x00000000      0x1c6 c:/program files (x86)/atmel/atmel toolchain/arm gcc/native/4.7.3.1029/arm-gnu-toolchain/bin/../lib/gcc/arm-none-eabi/4.7.3/../../../../arm-none-eabi/lib/armv6-m\libc.a(lib_a-exit.o)
 .debug_loc     0x00000000       0x3e c:/program files (x86)/atmel/atmel toolchain/arm gcc/native/4.7.3.1029/arm-gnu-toolchain/bin/../lib/gcc/arm-none-eabi/4.7.3/../../../../arm-none-eabi/lib/armv6-m\libc.a(lib_a-exit.o)
 .debug_aranges
                0x00000000       0x20 c:/program files (x86)/atmel/atmel toolchain/arm gcc/native/4.7.3.1029/arm-gnu-toolchain/bin/../lib/gcc/arm-none-eabi/4.7.3/../../../../arm-none-eabi/lib/armv6-m\libc.a(lib_a-exit.o)
 .debug_line    0x00000000      0x217 c:/program files (x86)/atmel/atmel toolchain/arm gcc/native/4.7.3.1029/arm-gnu-toolchain/bin/../lib/gcc/arm-none-eabi/4.7.3/../../../../arm-none-eabi/lib/armv6-m\libc.a(lib_a-exit.o)
 .debug_str     0x00000000      0x520 c:/program files (x86)/atmel/atmel toolchain/arm gcc/native/4.7.3.1029/arm-gnu-toolchain/bin/../lib/gcc/arm-none-eabi/4.7.3/../../../../arm-none-eabi/lib/armv6-m\libc.a(lib_a-exit.o)
 .comment       0x00000000       0x72 c:/program files (x86)/atmel/atmel toolchain/arm gcc/native/4.7.3.1029/arm-gnu-toolchain/bin/../lib/gcc/arm-none-eabi/4.7.3/../../../../arm-none-eabi/lib/armv6-m\libc.a(lib_a-exit.o)
 .ARM.attributes
                0x00000000       0x2c c:/program files (x86)/atmel/atmel toolchain/arm gcc/native/4.7.3.1029/arm-gnu-toolchain/bin/../lib/gcc/arm-none-eabi/4.7.3/../../../../arm-none-eabi/lib/armv6-m\libc.a(lib_a-exit.o)
 .debug_frame   0x00000000       0x28 c:/program files (x86)/atmel/atmel toolchain/arm gcc/native/4.7.3.1029/arm-gnu-toolchain/bin/../lib/gcc/arm-none-eabi/4.7.3/../../../../arm-none-eabi/lib/armv6-m\libc.a(lib_a-exit.o)
 .data          0x00000000        0x0 c:/program files (x86)/atmel/atmel toolchain/arm gcc/native/4.7.3.1029/arm-gnu-toolchain/bin/../lib/gcc/arm-none-eabi/4.7.3/../../../../arm-none-eabi/lib/armv6-m\libc.a(lib_a-fini.o)
 .bss           0x00000000        0x0 c:/program files (x86)/atmel/atmel toolchain/arm gcc/native/4.7.3.1029/arm-gnu-toolchain/bin/../lib/gcc/arm-none-eabi/4.7.3/../../../../arm-none-eabi/lib/armv6-m\libc.a(lib_a-fini.o)
 .text          0x00000000        0x0 c:/program files (x86)/atmel/atmel toolchain/arm gcc/native/4.7.3.1029/arm-gnu-toolchain/bin/../lib/gcc/arm-none-eabi/4.7.3/../../../../arm-none-eabi/lib/armv6-m\libc.a(lib_a-impure.o)
 .bss           0x00000000        0x0 c:/program files (x86)/atmel/atmel toolchain/arm gcc/native/4.7.3.1029/arm-gnu-toolchain/bin/../lib/gcc/arm-none-eabi/4.7.3/../../../../arm-none-eabi/lib/armv6-m\libc.a(lib_a-impure.o)
 .data          0x00000000        0x0 c:/program files (x86)/atmel/atmel toolchain/arm gcc/native/4.7.3.1029/arm-gnu-toolchain/bin/../lib/gcc/arm-none-eabi/4.7.3/../../../../arm-none-eabi/lib/armv6-m\libc.a(lib_a-init.o)
 .bss           0x00000000        0x0 c:/program files (x86)/atmel/atmel toolchain/arm gcc/native/4.7.3.1029/arm-gnu-toolchain/bin/../lib/gcc/arm-none-eabi/4.7.3/../../../../arm-none-eabi/lib/armv6-m\libc.a(lib_a-init.o)
 .text          0x00000000       0x12 c:/program files (x86)/atmel/atmel toolchain/arm gcc/native/4.7.3.1029/arm-gnu-toolchain/bin/../lib/gcc/arm-none-eabi/4.7.3/../../../../arm-none-eabi/lib/armv6-m\libc.a(lib_a-memset.o)
 .data          0x00000000        0x0 c:/program files (x86)/atmel/atmel toolchain/arm gcc/native/4.7.3.1029/arm-gnu-toolchain/bin/../lib/gcc/arm-none-eabi/4.7.3/../../../../arm-none-eabi/lib/armv6-m\libc.a(lib_a-memset.o)
 .bss           0x00000000        0x0 c:/program files (x86)/atmel/atmel toolchain/arm gcc/native/4.7.3.1029/arm-gnu-toolchain/bin/../lib/gcc/arm-none-eabi/4.7.3/../../../../arm-none-eabi/lib/armv6-m\libc.a(lib_a-memset.o)
 .debug_info    0x00000000       0xd4 c:/program files (x86)/atmel/atmel toolchain/arm gcc/native/4.7.3.1029/arm-gnu-toolchain/bin/../lib/gcc/arm-none-eabi/4.7.3/../../../../arm-none-eabi/lib/armv6-m\libc.a(lib_a-memset.o)
 .debug_abbrev  0x00000000       0x8c c:/program files (x86)/atmel/atmel toolchain/arm gcc/native/4.7.3.1029/arm-gnu-toolchain/bin/../lib/gcc/arm-none-eabi/4.7.3/../../../../arm-none-eabi/lib/armv6-m\libc.a(lib_a-memset.o)
 .debug_loc     0x00000000       0x5f c:/program files (x86)/atmel/atmel toolchain/arm gcc/native/4.7.3.1029/arm-gnu-toolchain/bin/../lib/gcc/arm-none-eabi/4.7.3/../../../../arm-none-eabi/lib/armv6-m\libc.a(lib_a-memset.o)
 .debug_aranges
                0x00000000       0x20 c:/program files (x86)/atmel/atmel toolchain/arm gcc/native/4.7.3.1029/arm-gnu-toolchain/bin/../lib/gcc/arm-none-eabi/4.7.3/../../../../arm-none-eabi/lib/armv6-m\libc.a(lib_a-memset.o)
 .debug_line    0x00000000      0x18d c:/program files (x86)/atmel/atmel toolchain/arm gcc/native/4.7.3.1029/arm-gnu-toolchain/bin/../lib/gcc/arm-none-eabi/4.7.3/../../../../arm-none-eabi/lib/armv6-m\libc.a(lib_a-memset.o)
 .debug_str     0x00000000      0x14d c:/program files (x86)/atmel/atmel toolchain/arm gcc/native/4.7.3.1029/arm-gnu-toolchain/bin/../lib/gcc/arm-none-eabi/4.7.3/../../../../arm-none-eabi/lib/armv6-m\libc.a(lib_a-memset.o)
 .comment       0x00000000       0x72 c:/program files (x86)/atmel/atmel toolchain/arm gcc/native/4.7.3.1029/arm-gnu-toolchain/bin/../lib/gcc/arm-none-eabi/4.7.3/../../../../arm-none-eabi/lib/armv6-m\libc.a(lib_a-memset.o)
 .ARM.attributes
                0x00000000       0x2c c:/program files (x86)/atmel/atmel toolchain/arm gcc/native/4.7.3.1029/arm-gnu-toolchain/bin/../lib/gcc/arm-none-eabi/4.7.3/../../../../arm-none-eabi/lib/armv6-m\libc.a(lib_a-memset.o)
 .debug_frame   0x00000000       0x28 c:/program files (x86)/atmel/atmel toolchain/arm gcc/native/4.7.3.1029/arm-gnu-toolchain/bin/../lib/gcc/arm-none-eabi/4.7.3/../../../../arm-none-eabi/lib/armv6-m\libc.a(lib_a-memset.o)
 .text          0x00000000       0xc4 c:/program files (x86)/atmel/atmel toolchain/arm gcc/native/4.7.3.1029/arm-gnu-toolchain/bin/../lib/gcc/arm-none-eabi/4.7.3/../../../../arm-none-eabi/lib/armv6-m\libc.a(lib_a-__call_atexit.o)
 .data          0x00000000        0x0 c:/program files (x86)/atmel/atmel toolchain/arm gcc/native/4.7.3.1029/arm-gnu-toolchain/bin/../lib/gcc/arm-none-eabi/4.7.3/../../../../arm-none-eabi/lib/armv6-m\libc.a(lib_a-__call_atexit.o)
 .bss           0x00000000        0x0 c:/program files (x86)/atmel/atmel toolchain/arm gcc/native/4.7.3.1029/arm-gnu-toolchain/bin/../lib/gcc/arm-none-eabi/4.7.3/../../../../arm-none-eabi/lib/armv6-m\libc.a(lib_a-__call_atexit.o)
 .data          0x00000000        0x0 c:/program files (x86)/atmel/atmel toolchain/arm gcc/native/4.7.3.1029/arm-gnu-toolchain/bin/../lib/gcc/arm-none-eabi/4.7.3/../../../../arm-none-eabi/lib/armv6-m\libc.a(lib_a-atexit.o)
 .bss           0x00000000        0x0 c:/program files (x86)/atmel/atmel toolchain/arm gcc/native/4.7.3.1029/arm-gnu-toolchain/bin/../lib/gcc/arm-none-eabi/4.7.3/../../../../arm-none-eabi/lib/armv6-m\libc.a(lib_a-atexit.o)
 .text          0x00000000        0x0 c:/program files (x86)/atmel/atmel toolchain/arm gcc/native/4.7.3.1029/arm-gnu-toolchain/bin/../lib/gcc/arm-none-eabi/4.7.3/armv6-m/crtend.o
 .data          0x00000000        0x0 c:/program files (x86)/atmel/atmel toolchain/arm gcc/native/4.7.3.1029/arm-gnu-toolchain/bin/../lib/gcc/arm-none-eabi/4.7.3/armv6-m/crtend.o
 .bss           0x00000000        0x0 c:/program files (x86)/atmel/atmel toolchain/arm gcc/native/4.7.3.1029/arm-gnu-toolchain/bin/../lib/gcc/arm-none-eabi/4.7.3/armv6-m/crtend.o
 .eh_frame      0x00000000        0x4 c:/program files (x86)/atmel/atmel toolchain/arm gcc/native/4.7.3.1029/arm-gnu-toolchain/bin/../lib/gcc/arm-none-eabi/4.7.3/armv6-m/crtend.o
 .jcr           0x00000000        0x4 c:/program files (x86)/atmel/atmel toolchain/arm gcc/native/4.7.3.1029/arm-gnu-toolchain/bin/../lib/gcc/arm-none-eabi/4.7.3/armv6-m/crtend.o
 .text          0x00000000        0x0 c:/program files (x86)/atmel/atmel toolchain/arm gcc/native/4.7.3.1029/arm-gnu-toolchain/bin/../lib/gcc/arm-none-eabi/4.7.3/armv6-m/crtn.o
 .data          0x00000000        0x0 c:/program files (x86)/atmel/atmel toolchain/arm gcc/native/4.7.3.1029/arm-gnu-toolchain/bin/../lib/gcc/arm-none-eabi/4.7.3/armv6-m/crtn.o
 .bss           0x00000000        0x0 c:/program files (x86)/atmel/atmel toolchain/arm gcc/native/4.7.3.1029/arm-gnu-toolchain/bin/../lib/gcc/arm-none-eabi/4.7.3/armv6-m/crtn.o

Memory Configuration

Name             Origin             Length             Attributes
rom              0x00000000         0x00004000         xr
ram              0x20000000         0x00000800         xrw
*default*        0x00000000         0xffffffff

Linker script and memory map

LOAD c:/program files (x86)/atmel/atmel toolchain/arm gcc/native/4.7.3.1029/arm-gnu-toolchain/bin/../lib/gcc/arm-none-eabi/4.7.3/armv6-m/crti.o
LOAD c:/program files (x86)/atmel/atmel toolchain/arm gcc/native/4.7.3.1029/arm-gnu-toolchain/bin/../lib/gcc/arm-none-eabi/4.7.3/armv6-m/crtbegin.o
LOAD c:/program files (x86)/atmel/atmel toolchain/arm gcc/native/4.7.3.1029/arm-gnu-toolchain/bin/../lib/gcc/arm-none-eabi/4.7.3/../../../../arm-none-eabi/lib/armv6-m/crt0.o
LOAD cmsis/src/startup_samd20.o
LOAD cmsis/src/system_samd20.o
LOAD leitorrf.o
START GROUP
LOAD c:/program files (x86)/atmel/atmel toolchain/arm gcc/native/4.7.3.1029/arm-gnu-toolchain/bin/../lib/gcc/arm-none-eabi/4.7.3/../../../../arm-none-eabi/lib/armv6-m\libm.a
END GROUP
START GROUP
LOAD c:/program files (x86)/atmel/atmel toolchain/arm gcc/native/4.7.3.1029/arm-gnu-toolchain/bin/../lib/gcc/arm-none-eabi/4.7.3/armv6-m\libgcc.a
LOAD c:/program files (x86)/atmel/atmel toolchain/arm gcc/native/4.7.3.1029/arm-gnu-toolchain/bin/../lib/gcc/arm-none-eabi/4.7.3/../../../../arm-none-eabi/lib/armv6-m\libc.a
END GROUP
LOAD c:/program files (x86)/atmel/atmel toolchain/arm gcc/native/4.7.3.1029/arm-gnu-toolchain/bin/../lib/gcc/arm-none-eabi/4.7.3/armv6-m/crtend.o
LOAD c:/program files (x86)/atmel/atmel toolchain/arm gcc/native/4.7.3.1029/arm-gnu-toolchain/bin/../lib/gcc/arm-none-eabi/4.7.3/armv6-m/crtn.o
                [0x00000200]                STACK_SIZE = DEFINED (STACK_SIZE)?STACK_SIZE:0x200

.text           0x00000000      0x4b0
                0x00000000                . = ALIGN (0x4)
                0x00000000                _sfixed = .
 *(.vectors .vectors.*)
 .vectors       0x00000000       0xa0 cmsis/src/startup_samd20.o
                0x00000000                exception_table
 *(.text .text.* .gnu.linkonce.t.*)
 .text          0x000000a0       0xbc c:/program files (x86)/atmel/atmel toolchain/arm gcc/native/4.7.3.1029/arm-gnu-toolchain/bin/../lib/gcc/arm-none-eabi/4.7.3/armv6-m/crtbegin.o
 .text.Dummy_Handler
                0x0000015c        0x4 cmsis/src/startup_samd20.o
                0x0000015c                HardFault_Handler
                0x0000015c                TC2_Handler
                0x0000015c                AC_Handler
                0x0000015c                SysTick_Handler
                0x0000015c                PendSV_Handler
                0x0000015c                NMI_Handler
                0x0000015c                TC7_Handler
                0x0000015c                SERCOM1_Handler
                0x0000015c                ADC_Handler
                0x0000015c                SERCOM2_Handler
                0x0000015c                RTC_Handler
                0x0000015c                EIC_Handler
                0x0000015c                TC6_Handler
                0x0000015c                WDT_Handler
                0x0000015c                TC4_Handler
                0x0000015c                TC1_Handler
                0x0000015c                TC3_Handler
                0x0000015c                Dummy_Handler
                0x0000015c                PM_Handler
                0x0000015c                SERCOM5_Handler
                0x0000015c                SVC_Handler
                0x0000015c                EVSYS_Handler
                0x0000015c                SERCOM3_Handler
                0x0000015c                SERCOM4_Handler
                0x0000015c                NVMCTRL_Handler
                0x0000015c                SERCOM0_Handler
                0x0000015c                DAC_Handler
                0x0000015c                TC0_Handler
                0x0000015c                TC5_Handler
                0x0000015c                SYSCTRL_Handler
 .text.Reset_Handler
                0x00000160       0x94 cmsis/src/startup_samd20.o
                0x00000160                Reset_Handler
 .text.ClockInit
                0x000001f4       0xc0 leitorrf.o
                0x000001f4                ClockInit
 .text.Init125khz
                0x000002b4       0x64 leitorrf.o
                0x000002b4                Init125khz
 .text.main     0x00000318       0x30 leitorrf.o
                0x00000318                main
 .text          0x00000348       0x9c c:/program files (x86)/atmel/atmel toolchain/arm gcc/native/4.7.3.1029/arm-gnu-toolchain/bin/../lib/gcc/arm-none-eabi/4.7.3/../../../../arm-none-eabi/lib/armv6-m\libc.a(lib_a-__atexit.o)
                0x00000348                __register_exitproc
 .text          0x000003e4       0x2c c:/program files (x86)/atmel/atmel toolchain/arm gcc/native/4.7.3.1029/arm-gnu-toolchain/bin/../lib/gcc/arm-none-eabi/4.7.3/../../../../arm-none-eabi/lib/armv6-m\libc.a(lib_a-fini.o)
                0x000003e4                __libc_fini_array
 .text          0x00000410       0x4c c:/program files (x86)/atmel/atmel toolchain/arm gcc/native/4.7.3.1029/arm-gnu-toolchain/bin/../lib/gcc/arm-none-eabi/4.7.3/../../../../arm-none-eabi/lib/armv6-m\libc.a(lib_a-init.o)
                0x00000410                __libc_init_array
 .text.startup  0x0000045c       0x18 c:/program files (x86)/atmel/atmel toolchain/arm gcc/native/4.7.3.1029/arm-gnu-toolchain/bin/../lib/gcc/arm-none-eabi/4.7.3/../../../../arm-none-eabi/lib/armv6-m\libc.a(lib_a-__call_atexit.o)
 .text          0x00000474       0x10 c:/program files (x86)/atmel/atmel toolchain/arm gcc/native/4.7.3.1029/arm-gnu-toolchain/bin/../lib/gcc/arm-none-eabi/4.7.3/../../../../arm-none-eabi/lib/armv6-m\libc.a(lib_a-atexit.o)
                0x00000474                atexit
 *(.glue_7t)
 .glue_7t       0x00000000        0x0 linker stubs
 *(.glue_7)
 .glue_7        0x00000000        0x0 linker stubs
 *(.rodata .rodata* .gnu.linkonce.r.*)
 .rodata        0x00000484        0x4 c:/program files (x86)/atmel/atmel toolchain/arm gcc/native/4.7.3.1029/arm-gnu-toolchain/bin/../lib/gcc/arm-none-eabi/4.7.3/../../../../arm-none-eabi/lib/armv6-m\libc.a(lib_a-impure.o)
                0x00000484                _global_impure_ptr
 .rodata.str1.1
                0x00000488        0x2 c:/program files (x86)/atmel/atmel toolchain/arm gcc/native/4.7.3.1029/arm-gnu-toolchain/bin/../lib/gcc/arm-none-eabi/4.7.3/../../../../arm-none-eabi/lib/armv6-m\libc.a(lib_a-impure.o)
 *(.ARM.extab* .gnu.linkonce.armextab.*)
                0x0000048c                . = ALIGN (0x4)
 *fill*         0x0000048a        0x2 00
 *(.init)
 .init          0x0000048c        0x4 c:/program files (x86)/atmel/atmel toolchain/arm gcc/native/4.7.3.1029/arm-gnu-toolchain/bin/../lib/gcc/arm-none-eabi/4.7.3/armv6-m/crti.o
                0x0000048c                _init
 .init          0x00000490        0x8 c:/program files (x86)/atmel/atmel toolchain/arm gcc/native/4.7.3.1029/arm-gnu-toolchain/bin/../lib/gcc/arm-none-eabi/4.7.3/armv6-m/crtn.o
                0x00000498                . = ALIGN (0x4)
                0x00000498                __preinit_array_start = .
 *(.preinit_array)
                0x00000498                __preinit_array_end = .
                0x00000498                . = ALIGN (0x4)
                0x00000498                __init_array_start = .
 *(SORT(.init_array.*))
 .init_array.00000
                0x00000498        0x4 c:/program files (x86)/atmel/atmel toolchain/arm gcc/native/4.7.3.1029/arm-gnu-toolchain/bin/../lib/gcc/arm-none-eabi/4.7.3/../../../../arm-none-eabi/lib/armv6-m\libc.a(lib_a-__call_atexit.o)
 *(.init_array)
 .init_array    0x0000049c        0x4 c:/program files (x86)/atmel/atmel toolchain/arm gcc/native/4.7.3.1029/arm-gnu-toolchain/bin/../lib/gcc/arm-none-eabi/4.7.3/armv6-m/crtbegin.o
                0x000004a0                __init_array_end = .
                0x000004a0                . = ALIGN (0x4)
 *crtbegin.o(.ctors)
 *(EXCLUDE_FILE(*crtend.o) .ctors)
 *(SORT(.ctors.*))
 *crtend.o(.ctors)
                0x000004a0                . = ALIGN (0x4)
 *(.fini)
 .fini          0x000004a0        0x4 c:/program files (x86)/atmel/atmel toolchain/arm gcc/native/4.7.3.1029/arm-gnu-toolchain/bin/../lib/gcc/arm-none-eabi/4.7.3/armv6-m/crti.o
                0x000004a0                _fini
 .fini          0x000004a4        0x8 c:/program files (x86)/atmel/atmel toolchain/arm gcc/native/4.7.3.1029/arm-gnu-toolchain/bin/../lib/gcc/arm-none-eabi/4.7.3/armv6-m/crtn.o
                0x000004ac                . = ALIGN (0x4)
                0x000004ac                __fini_array_start = .
 *(.fini_array)
 .fini_array    0x000004ac        0x4 c:/program files (x86)/atmel/atmel toolchain/arm gcc/native/4.7.3.1029/arm-gnu-toolchain/bin/../lib/gcc/arm-none-eabi/4.7.3/armv6-m/crtbegin.o
 *(SORT(.fini_array.*))
                0x000004b0                __fini_array_end = .
 *crtbegin.o(.dtors)
 *(EXCLUDE_FILE(*crtend.o) .dtors)
 *(SORT(.dtors.*))
 *crtend.o(.dtors)
                0x000004b0                . = ALIGN (0x4)
                0x000004b0                _efixed = .
                0x000004b0                PROVIDE (__exidx_start, .)

.vfp11_veneer   0x000004b0        0x0
 .vfp11_veneer  0x00000000        0x0 linker stubs

.v4_bx          0x000004b0        0x0
 .v4_bx         0x00000000        0x0 linker stubs

.iplt           0x000004b0        0x0
 .iplt          0x00000000        0x0 c:/program files (x86)/atmel/atmel toolchain/arm gcc/native/4.7.3.1029/arm-gnu-toolchain/bin/../lib/gcc/arm-none-eabi/4.7.3/armv6-m/crtbegin.o

.eh_frame       0x000004b0        0x0
 .eh_frame      0x000004b0        0x0 c:/program files (x86)/atmel/atmel toolchain/arm gcc/native/4.7.3.1029/arm-gnu-toolchain/bin/../lib/gcc/arm-none-eabi/4.7.3/armv6-m/crtbegin.o

.rel.dyn        0x000004b0        0x0
 .rel.iplt      0x00000000        0x0 c:/program files (x86)/atmel/atmel toolchain/arm gcc/native/4.7.3.1029/arm-gnu-toolchain/bin/../lib/gcc/arm-none-eabi/4.7.3/armv6-m/crtbegin.o

.jcr            0x000004b0        0x0
 .jcr           0x000004b0        0x0 c:/program files (x86)/atmel/atmel toolchain/arm gcc/native/4.7.3.1029/arm-gnu-toolchain/bin/../lib/gcc/arm-none-eabi/4.7.3/armv6-m/crtbegin.o

.tm_clone_table
                0x000004b0        0x0
 .tm_clone_table
                0x000004b0        0x0 c:/program files (x86)/atmel/atmel toolchain/arm gcc/native/4.7.3.1029/arm-gnu-toolchain/bin/../lib/gcc/arm-none-eabi/4.7.3/armv6-m/crtbegin.o
 .tm_clone_table
                0x000004b0        0x0 c:/program files (x86)/atmel/atmel toolchain/arm gcc/native/4.7.3.1029/arm-gnu-toolchain/bin/../lib/gcc/arm-none-eabi/4.7.3/armv6-m/crtend.o

.igot.plt       0x000004b0        0x0
 .igot.plt      0x00000000        0x0 c:/program files (x86)/atmel/atmel toolchain/arm gcc/native/4.7.3.1029/arm-gnu-toolchain/bin/../lib/gcc/arm-none-eabi/4.7.3/armv6-m/crtbegin.o

.ARM.exidx
 *(.ARM.exidx* .gnu.linkonce.armexidx.*)
                0x000004b0                PROVIDE (__exidx_end, .)
                0x000004b0                . = ALIGN (0x4)
                0x000004b0                _etext = .

.relocate       0x20000000      0x430 load address 0x000004b0
                0x20000000                . = ALIGN (0x4)
                0x20000000                _srelocate = .
 *(.ramfunc .ramfunc.*)
 *(.data .data.*)
 .data          0x20000000      0x430 c:/program files (x86)/atmel/atmel toolchain/arm gcc/native/4.7.3.1029/arm-gnu-toolchain/bin/../lib/gcc/arm-none-eabi/4.7.3/../../../../arm-none-eabi/lib/armv6-m\libc.a(lib_a-impure.o)
                0x20000000                _impure_ptr
                0x20000430                . = ALIGN (0x4)
                0x20000430                _erelocate = .

.bss            0x20000430       0x20 load address 0x000008e0
                0x20000430                . = ALIGN (0x4)
                0x20000430                _sbss = .
                0x20000430                _szero = .
 *(.bss .bss.*)
 .bss           0x20000430       0x1c c:/program files (x86)/atmel/atmel toolchain/arm gcc/native/4.7.3.1029/arm-gnu-toolchain/bin/../lib/gcc/arm-none-eabi/4.7.3/armv6-m/crtbegin.o
 *(COMMON)
 COMMON         0x2000044c        0x4 leitorrf.o
                0x2000044c                a
                0x20000450                . = ALIGN (0x4)
                0x20000450                _ebss = .
                0x20000450                _ezero = .

.stack          0x20000450      0x200 load address 0x00000900
                0x20000450                . = ALIGN (0x8)
                0x20000450                _sstack = .
                0x20000650                . = (. + STACK_SIZE)
 *fill*         0x20000450      0x200 00
                0x20000650                . = ALIGN (0x8)
                0x20000650                _estack = .
                0x20000650                . = ALIGN (0x4)
                0x20000650                _end = .
OUTPUT(leitorrf.elf elf32-littlearm)

.ARM.attributes
                0x00000000       0x28
 .ARM.attributes
                0x00000000       0x1e c:/program files (x86)/atmel/atmel toolchain/arm gcc/native/4.7.3.1029/arm-gnu-toolchain/bin/../lib/gcc/arm-none-eabi/4.7.3/armv6-m/crti.o
 .ARM.attributes
                0x0000001e       0x2c c:/program files (x86)/atmel/atmel toolchain/arm gcc/native/4.7.3.1029/arm-gnu-toolchain/bin/../lib/gcc/arm-none-eabi/4.7.3/armv6-m/crtbegin.o
 .ARM.attributes
                0x0000004a       0x32 cmsis/src/startup_samd20.o
 .ARM.attributes
                0x0000007c       0x32 leitorrf.o
 .ARM.attributes
                0x000000ae       0x2c c:/program files (x86)/atmel/atmel toolchain/arm gcc/native/4.7.3.1029/arm-gnu-toolchain/bin/../lib/gcc/arm-none-eabi/4.7.3/../../../../arm-none-eabi/lib/armv6-m\libc.a(lib_a-__atexit.o)
 .ARM.attributes
                0x000000da       0x2c c:/program files (x86)/atmel/atmel toolchain/arm gcc/native/4.7.3.1029/arm-gnu-toolchain/bin/../lib/gcc/arm-none-eabi/4.7.3/../../../../arm-none-eabi/lib/armv6-m\libc.a(lib_a-fini.o)
 .ARM.attributes
                0x00000106       0x2c c:/program files (x86)/atmel/atmel toolchain/arm gcc/native/4.7.3.1029/arm-gnu-toolchain/bin/../lib/gcc/arm-none-eabi/4.7.3/../../../../arm-none-eabi/lib/armv6-m\libc.a(lib_a-impure.o)
 .ARM.attributes
                0x00000132       0x2c c:/program files (x86)/atmel/atmel toolchain/arm gcc/native/4.7.3.1029/arm-gnu-toolchain/bin/../lib/gcc/arm-none-eabi/4.7.3/../../../../arm-none-eabi/lib/armv6-m\libc.a(lib_a-init.o)
 .ARM.attributes
                0x0000015e       0x2c c:/program files (x86)/atmel/atmel toolchain/arm gcc/native/4.7.3.1029/arm-gnu-toolchain/bin/../lib/gcc/arm-none-eabi/4.7.3/../../../../arm-none-eabi/lib/armv6-m\libc.a(lib_a-__call_atexit.o)
 .ARM.attributes
                0x0000018a       0x2c c:/program files (x86)/atmel/atmel toolchain/arm gcc/native/4.7.3.1029/arm-gnu-toolchain/bin/../lib/gcc/arm-none-eabi/4.7.3/../../../../arm-none-eabi/lib/armv6-m\libc.a(lib_a-atexit.o)
 .ARM.attributes
                0x000001b6       0x2c c:/program files (x86)/atmel/atmel toolchain/arm gcc/native/4.7.3.1029/arm-gnu-toolchain/bin/../lib/gcc/arm-none-eabi/4.7.3/armv6-m/crtend.o
 .ARM.attributes
                0x000001e2       0x1e c:/program files (x86)/atmel/atmel toolchain/arm gcc/native/4.7.3.1029/arm-gnu-toolchain/bin/../lib/gcc/arm-none-eabi/4.7.3/armv6-m/crtn.o

.comment        0x00000000       0x71
 .comment       0x00000000       0x71 c:/program files (x86)/atmel/atmel toolchain/arm gcc/native/4.7.3.1029/arm-gnu-toolchain/bin/../lib/gcc/arm-none-eabi/4.7.3/armv6-m/crtbegin.o
                                 0x72 (size before relaxing)
 .comment       0x00000000       0x72 cmsis/src/startup_samd20.o
 .comment       0x00000000       0x72 leitorrf.o
 .comment       0x00000000       0x72 c:/program files (x86)/atmel/atmel toolchain/arm gcc/native/4.7.3.1029/arm-gnu-toolchain/bin/../lib/gcc/arm-none-eabi/4.7.3/../../../../arm-none-eabi/lib/armv6-m\libc.a(lib_a-__atexit.o)
 .comment       0x00000000       0x72 c:/program files (x86)/atmel/atmel toolchain/arm gcc/native/4.7.3.1029/arm-gnu-toolchain/bin/../lib/gcc/arm-none-eabi/4.7.3/../../../../arm-none-eabi/lib/armv6-m\libc.a(lib_a-fini.o)
 .comment       0x00000000       0x72 c:/program files (x86)/atmel/atmel toolchain/arm gcc/native/4.7.3.1029/arm-gnu-toolchain/bin/../lib/gcc/arm-none-eabi/4.7.3/../../../../arm-none-eabi/lib/armv6-m\libc.a(lib_a-impure.o)
 .comment       0x00000000       0x72 c:/program files (x86)/atmel/atmel toolchain/arm gcc/native/4.7.3.1029/arm-gnu-toolchain/bin/../lib/gcc/arm-none-eabi/4.7.3/../../../../arm-none-eabi/lib/armv6-m\libc.a(lib_a-init.o)
 .comment       0x00000000       0x72 c:/program files (x86)/atmel/atmel toolchain/arm gcc/native/4.7.3.1029/arm-gnu-toolchain/bin/../lib/gcc/arm-none-eabi/4.7.3/../../../../arm-none-eabi/lib/armv6-m\libc.a(lib_a-__call_atexit.o)
 .comment       0x00000000       0x72 c:/program files (x86)/atmel/atmel toolchain/arm gcc/native/4.7.3.1029/arm-gnu-toolchain/bin/../lib/gcc/arm-none-eabi/4.7.3/../../../../arm-none-eabi/lib/armv6-m\libc.a(lib_a-atexit.o)
 .comment       0x00000000       0x72 c:/program files (x86)/atmel/atmel toolchain/arm gcc/native/4.7.3.1029/arm-gnu-toolchain/bin/../lib/gcc/arm-none-eabi/4.7.3/armv6-m/crtend.o

.debug_info     0x00000000     0x5767
 .debug_info    0x00000000      0x466 cmsis/src/startup_samd20.o
 .debug_info    0x00000466     0x31f3 leitorrf.o
 .debug_info    0x00003659      0xa15 c:/program files (x86)/atmel/atmel toolchain/arm gcc/native/4.7.3.1029/arm-gnu-toolchain/bin/../lib/gcc/arm-none-eabi/4.7.3/../../../../arm-none-eabi/lib/armv6-m\libc.a(lib_a-__atexit.o)
 .debug_info    0x0000406e       0xf4 c:/program files (x86)/atmel/atmel toolchain/arm gcc/native/4.7.3.1029/arm-gnu-toolchain/bin/../lib/gcc/arm-none-eabi/4.7.3/../../../../arm-none-eabi/lib/armv6-m\libc.a(lib_a-fini.o)
 .debug_info    0x00004162      0x961 c:/program files (x86)/atmel/atmel toolchain/arm gcc/native/4.7.3.1029/arm-gnu-toolchain/bin/../lib/gcc/arm-none-eabi/4.7.3/../../../../arm-none-eabi/lib/armv6-m\libc.a(lib_a-impure.o)
 .debug_info    0x00004ac3      0x112 c:/program files (x86)/atmel/atmel toolchain/arm gcc/native/4.7.3.1029/arm-gnu-toolchain/bin/../lib/gcc/arm-none-eabi/4.7.3/../../../../arm-none-eabi/lib/armv6-m\libc.a(lib_a-init.o)
 .debug_info    0x00004bd5      0xa83 c:/program files (x86)/atmel/atmel toolchain/arm gcc/native/4.7.3.1029/arm-gnu-toolchain/bin/../lib/gcc/arm-none-eabi/4.7.3/../../../../arm-none-eabi/lib/armv6-m\libc.a(lib_a-__call_atexit.o)
 .debug_info    0x00005658      0x10f c:/program files (x86)/atmel/atmel toolchain/arm gcc/native/4.7.3.1029/arm-gnu-toolchain/bin/../lib/gcc/arm-none-eabi/4.7.3/../../../../arm-none-eabi/lib/armv6-m\libc.a(lib_a-atexit.o)

.debug_abbrev   0x00000000      0xb4d
 .debug_abbrev  0x00000000      0x13b cmsis/src/startup_samd20.o
 .debug_abbrev  0x0000013b      0x23e leitorrf.o
 .debug_abbrev  0x00000379      0x1fe c:/program files (x86)/atmel/atmel toolchain/arm gcc/native/4.7.3.1029/arm-gnu-toolchain/bin/../lib/gcc/arm-none-eabi/4.7.3/../../../../arm-none-eabi/lib/armv6-m\libc.a(lib_a-__atexit.o)
 .debug_abbrev  0x00000577       0xb6 c:/program files (x86)/atmel/atmel toolchain/arm gcc/native/4.7.3.1029/arm-gnu-toolchain/bin/../lib/gcc/arm-none-eabi/4.7.3/../../../../arm-none-eabi/lib/armv6-m\libc.a(lib_a-fini.o)
 .debug_abbrev  0x0000062d      0x160 c:/program files (x86)/atmel/atmel toolchain/arm gcc/native/4.7.3.1029/arm-gnu-toolchain/bin/../lib/gcc/arm-none-eabi/4.7.3/../../../../arm-none-eabi/lib/armv6-m\libc.a(lib_a-impure.o)
 .debug_abbrev  0x0000078d       0xb8 c:/program files (x86)/atmel/atmel toolchain/arm gcc/native/4.7.3.1029/arm-gnu-toolchain/bin/../lib/gcc/arm-none-eabi/4.7.3/../../../../arm-none-eabi/lib/armv6-m\libc.a(lib_a-init.o)
 .debug_abbrev  0x00000845      0x255 c:/program files (x86)/atmel/atmel toolchain/arm gcc/native/4.7.3.1029/arm-gnu-toolchain/bin/../lib/gcc/arm-none-eabi/4.7.3/../../../../arm-none-eabi/lib/armv6-m\libc.a(lib_a-__call_atexit.o)
 .debug_abbrev  0x00000a9a       0xb3 c:/program files (x86)/atmel/atmel toolchain/arm gcc/native/4.7.3.1029/arm-gnu-toolchain/bin/../lib/gcc/arm-none-eabi/4.7.3/../../../../arm-none-eabi/lib/armv6-m\libc.a(lib_a-atexit.o)

.debug_loc      0x00000000      0x500
 .debug_loc     0x00000000       0x5e cmsis/src/startup_samd20.o
 .debug_loc     0x0000005e       0x8b leitorrf.o
 .debug_loc     0x000000e9      0x152 c:/program files (x86)/atmel/atmel toolchain/arm gcc/native/4.7.3.1029/arm-gnu-toolchain/bin/../lib/gcc/arm-none-eabi/4.7.3/../../../../arm-none-eabi/lib/armv6-m\libc.a(lib_a-__atexit.o)
 .debug_loc     0x0000023b       0x33 c:/program files (x86)/atmel/atmel toolchain/arm gcc/native/4.7.3.1029/arm-gnu-toolchain/bin/../lib/gcc/arm-none-eabi/4.7.3/../../../../arm-none-eabi/lib/armv6-m\libc.a(lib_a-fini.o)
 .debug_loc     0x0000026e       0x69 c:/program files (x86)/atmel/atmel toolchain/arm gcc/native/4.7.3.1029/arm-gnu-toolchain/bin/../lib/gcc/arm-none-eabi/4.7.3/../../../../arm-none-eabi/lib/armv6-m\libc.a(lib_a-init.o)
 .debug_loc     0x000002d7      0x1dd c:/program files (x86)/atmel/atmel toolchain/arm gcc/native/4.7.3.1029/arm-gnu-toolchain/bin/../lib/gcc/arm-none-eabi/4.7.3/../../../../arm-none-eabi/lib/armv6-m\libc.a(lib_a-__call_atexit.o)
 .debug_loc     0x000004b4       0x4c c:/program files (x86)/atmel/atmel toolchain/arm gcc/native/4.7.3.1029/arm-gnu-toolchain/bin/../lib/gcc/arm-none-eabi/4.7.3/../../../../arm-none-eabi/lib/armv6-m\libc.a(lib_a-atexit.o)

.debug_aranges  0x00000000      0x118
 .debug_aranges
                0x00000000       0x28 cmsis/src/startup_samd20.o
 .debug_aranges
                0x00000028       0x30 leitorrf.o
 .debug_aranges
                0x00000058       0x20 c:/program files (x86)/atmel/atmel toolchain/arm gcc/native/4.7.3.1029/arm-gnu-toolchain/bin/../lib/gcc/arm-none-eabi/4.7.3/../../../../arm-none-eabi/lib/armv6-m\libc.a(lib_a-__atexit.o)
 .debug_aranges
                0x00000078       0x20 c:/program files (x86)/atmel/atmel toolchain/arm gcc/native/4.7.3.1029/arm-gnu-toolchain/bin/../lib/gcc/arm-none-eabi/4.7.3/../../../../arm-none-eabi/lib/armv6-m\libc.a(lib_a-fini.o)
 .debug_aranges
                0x00000098       0x18 c:/program files (x86)/atmel/atmel toolchain/arm gcc/native/4.7.3.1029/arm-gnu-toolchain/bin/../lib/gcc/arm-none-eabi/4.7.3/../../../../arm-none-eabi/lib/armv6-m\libc.a(lib_a-impure.o)
 .debug_aranges
                0x000000b0       0x20 c:/program files (x86)/atmel/atmel toolchain/arm gcc/native/4.7.3.1029/arm-gnu-toolchain/bin/../lib/gcc/arm-none-eabi/4.7.3/../../../../arm-none-eabi/lib/armv6-m\libc.a(lib_a-init.o)
 .debug_aranges
                0x000000d0       0x28 c:/program files (x86)/atmel/atmel toolchain/arm gcc/native/4.7.3.1029/arm-gnu-toolchain/bin/../lib/gcc/arm-none-eabi/4.7.3/../../../../arm-none-eabi/lib/armv6-m\libc.a(lib_a-__call_atexit.o)
 .debug_aranges
                0x000000f8       0x20 c:/program files (x86)/atmel/atmel toolchain/arm gcc/native/4.7.3.1029/arm-gnu-toolchain/bin/../lib/gcc/arm-none-eabi/4.7.3/../../../../arm-none-eabi/lib/armv6-m\libc.a(lib_a-atexit.o)

.debug_ranges   0x00000000       0xa0
 .debug_ranges  0x00000000       0x18 cmsis/src/startup_samd20.o
 .debug_ranges  0x00000018       0x50 leitorrf.o
 .debug_ranges  0x00000068       0x38 c:/program files (x86)/atmel/atmel toolchain/arm gcc/native/4.7.3.1029/arm-gnu-toolchain/bin/../lib/gcc/arm-none-eabi/4.7.3/../../../../arm-none-eabi/lib/armv6-m\libc.a(lib_a-__call_atexit.o)

.debug_macro    0x00000000     0x8938
 .debug_macro   0x00000000      0x263 cmsis/src/startup_samd20.o
 .debug_macro   0x00000263      0x7f0 cmsis/src/startup_samd20.o
 .debug_macro   0x00000a53       0x3a cmsis/src/startup_samd20.o
 .debug_macro   0x00000a8d       0x10 cmsis/src/startup_samd20.o
 .debug_macro   0x00000a9d       0x2e cmsis/src/startup_samd20.o
 .debug_macro   0x00000acb       0xa3 cmsis/src/startup_samd20.o
 .debug_macro   0x00000b6e      0x20e cmsis/src/startup_samd20.o
 .debug_macro   0x00000d7c       0x3a cmsis/src/startup_samd20.o
 .debug_macro   0x00000db6       0x3a cmsis/src/startup_samd20.o
 .debug_macro   0x00000df0       0x1f cmsis/src/startup_samd20.o
 .debug_macro   0x00000e0f      0x250 cmsis/src/startup_samd20.o
 .debug_macro   0x0000105f      0x637 cmsis/src/startup_samd20.o
 .debug_macro   0x00001696      0x7f4 cmsis/src/startup_samd20.o
 .debug_macro   0x00001e8a      0x255 cmsis/src/startup_samd20.o
 .debug_macro   0x000020df      0x4b1 cmsis/src/startup_samd20.o
 .debug_macro   0x00002590      0x41e cmsis/src/startup_samd20.o
 .debug_macro   0x000029ae      0x62d cmsis/src/startup_samd20.o
 .debug_macro   0x00002fdb      0x16c cmsis/src/startup_samd20.o
 .debug_macro   0x00003147      0x5d0 cmsis/src/startup_samd20.o
 .debug_macro   0x00003717       0x58 cmsis/src/startup_samd20.o
 .debug_macro   0x0000376f      0x439 cmsis/src/startup_samd20.o
 .debug_macro   0x00003ba8      0x301 cmsis/src/startup_samd20.o
 .debug_macro   0x00003ea9      0x8c5 cmsis/src/startup_samd20.o
 .debug_macro   0x0000476e      0xb70 cmsis/src/startup_samd20.o
 .debug_macro   0x000052de      0x92d cmsis/src/startup_samd20.o
 .debug_macro   0x00005c0b      0x53f cmsis/src/startup_samd20.o
 .debug_macro   0x0000614a      0x15d cmsis/src/startup_samd20.o
 .debug_macro   0x000062a7       0x76 cmsis/src/startup_samd20.o
 .debug_macro   0x0000631d       0xa6 cmsis/src/startup_samd20.o
 .debug_macro   0x000063c3       0x4c cmsis/src/startup_samd20.o
 .debug_macro   0x0000640f       0xa6 cmsis/src/startup_samd20.o
 .debug_macro   0x000064b5       0x64 cmsis/src/startup_samd20.o
 .debug_macro   0x00006519      0x268 cmsis/src/startup_samd20.o
 .debug_macro   0x00006781       0x70 cmsis/src/startup_samd20.o
 .debug_macro   0x000067f1       0xc4 cmsis/src/startup_samd20.o
 .debug_macro   0x000068b5       0x1c cmsis/src/startup_samd20.o
 .debug_macro   0x000068d1       0x1c cmsis/src/startup_samd20.o
 .debug_macro   0x000068ed       0x1c cmsis/src/startup_samd20.o
 .debug_macro   0x00006909       0x7c cmsis/src/startup_samd20.o
 .debug_macro   0x00006985      0x14c cmsis/src/startup_samd20.o
 .debug_macro   0x00006ad1       0xca cmsis/src/startup_samd20.o
 .debug_macro   0x00006b9b      0x103 cmsis/src/startup_samd20.o
 .debug_macro   0x00006c9e      0x103 cmsis/src/startup_samd20.o
 .debug_macro   0x00006da1      0x103 cmsis/src/startup_samd20.o
 .debug_macro   0x00006ea4      0x103 cmsis/src/startup_samd20.o
 .debug_macro   0x00006fa7      0x10c cmsis/src/startup_samd20.o
 .debug_macro   0x000070b3       0xbe cmsis/src/startup_samd20.o
 .debug_macro   0x00007171       0xbe cmsis/src/startup_samd20.o
 .debug_macro   0x0000722f       0xbe cmsis/src/startup_samd20.o
 .debug_macro   0x000072ed       0xbe cmsis/src/startup_samd20.o
 .debug_macro   0x000073ab       0xbe cmsis/src/startup_samd20.o
 .debug_macro   0x00007469       0xbe cmsis/src/startup_samd20.o
 .debug_macro   0x00007527       0x40 cmsis/src/startup_samd20.o
 .debug_macro   0x00007567      0x288 cmsis/src/startup_samd20.o
 .debug_macro   0x000077ef      0xd13 cmsis/src/startup_samd20.o
 .debug_macro   0x00008502       0x3c cmsis/src/startup_samd20.o
 .debug_macro   0x0000853e      0x277 leitorrf.o
 .debug_macro   0x000087b5      0x183 leitorrf.o

.debug_line     0x00000000     0x1dd2
 .debug_line    0x00000000      0x99d cmsis/src/startup_samd20.o
 .debug_line    0x0000099d      0xa89 leitorrf.o
 .debug_line    0x00001426      0x234 c:/program files (x86)/atmel/atmel toolchain/arm gcc/native/4.7.3.1029/arm-gnu-toolchain/bin/../lib/gcc/arm-none-eabi/4.7.3/../../../../arm-none-eabi/lib/armv6-m\libc.a(lib_a-__atexit.o)
 .debug_line    0x0000165a      0x127 c:/program files (x86)/atmel/atmel toolchain/arm gcc/native/4.7.3.1029/arm-gnu-toolchain/bin/../lib/gcc/arm-none-eabi/4.7.3/../../../../arm-none-eabi/lib/armv6-m\libc.a(lib_a-fini.o)
 .debug_line    0x00001781      0x183 c:/program files (x86)/atmel/atmel toolchain/arm gcc/native/4.7.3.1029/arm-gnu-toolchain/bin/../lib/gcc/arm-none-eabi/4.7.3/../../../../arm-none-eabi/lib/armv6-m\libc.a(lib_a-impure.o)
 .debug_line    0x00001904      0x145 c:/program files (x86)/atmel/atmel toolchain/arm gcc/native/4.7.3.1029/arm-gnu-toolchain/bin/../lib/gcc/arm-none-eabi/4.7.3/../../../../arm-none-eabi/lib/armv6-m\libc.a(lib_a-init.o)
 .debug_line    0x00001a49      0x27f c:/program files (x86)/atmel/atmel toolchain/arm gcc/native/4.7.3.1029/arm-gnu-toolchain/bin/../lib/gcc/arm-none-eabi/4.7.3/../../../../arm-none-eabi/lib/armv6-m\libc.a(lib_a-__call_atexit.o)
 .debug_line    0x00001cc8      0x10a c:/program files (x86)/atmel/atmel toolchain/arm gcc/native/4.7.3.1029/arm-gnu-toolchain/bin/../lib/gcc/arm-none-eabi/4.7.3/../../../../arm-none-eabi/lib/armv6-m\libc.a(lib_a-atexit.o)

.debug_str      0x00000000    0x32507
 .debug_str     0x00000000    0x2ff8e cmsis/src/startup_samd20.o
                              0x301fa (size before relaxing)
 .debug_str     0x0002ff8e     0x1e3c leitorrf.o
                              0x31d1e (size before relaxing)
 .debug_str     0x00031dca      0x460 c:/program files (x86)/atmel/atmel toolchain/arm gcc/native/4.7.3.1029/arm-gnu-toolchain/bin/../lib/gcc/arm-none-eabi/4.7.3/../../../../arm-none-eabi/lib/armv6-m\libc.a(lib_a-__atexit.o)
                                0x56d (size before relaxing)
 .debug_str     0x0003222a       0x96 c:/program files (x86)/atmel/atmel toolchain/arm gcc/native/4.7.3.1029/arm-gnu-toolchain/bin/../lib/gcc/arm-none-eabi/4.7.3/../../../../arm-none-eabi/lib/armv6-m\libc.a(lib_a-fini.o)
                                0x184 (size before relaxing)
 .debug_str     0x000322c0       0x6f c:/program files (x86)/atmel/atmel toolchain/arm gcc/native/4.7.3.1029/arm-gnu-toolchain/bin/../lib/gcc/arm-none-eabi/4.7.3/../../../../arm-none-eabi/lib/armv6-m\libc.a(lib_a-impure.o)
                                0x518 (size before relaxing)
 .debug_str     0x0003232f       0xc6 c:/program files (x86)/atmel/atmel toolchain/arm gcc/native/4.7.3.1029/arm-gnu-toolchain/bin/../lib/gcc/arm-none-eabi/4.7.3/../../../../arm-none-eabi/lib/armv6-m\libc.a(lib_a-init.o)
                                0x1ae (size before relaxing)
 .debug_str     0x000323f5       0xae c:/program files (x86)/atmel/atmel toolchain/arm gcc/native/4.7.3.1029/arm-gnu-toolchain/bin/../lib/gcc/arm-none-eabi/4.7.3/../../../../arm-none-eabi/lib/armv6-m\libc.a(lib_a-__call_atexit.o)
                                0x569 (size before relaxing)
 .debug_str     0x000324a3       0x64 c:/program files (x86)/atmel/atmel toolchain/arm gcc/native/4.7.3.1029/arm-gnu-toolchain/bin/../lib/gcc/arm-none-eabi/4.7.3/../../../../arm-none-eabi/lib/armv6-m\libc.a(lib_a-atexit.o)
                                0x18a (size before relaxing)

.debug_frame    0x00000000      0x198
 .debug_frame   0x00000000       0x40 cmsis/src/startup_samd20.o
 .debug_frame   0x00000040       0x5c leitorrf.o
 .debug_frame   0x0000009c       0x34 c:/program files (x86)/atmel/atmel toolchain/arm gcc/native/4.7.3.1029/arm-gnu-toolchain/bin/../lib/gcc/arm-none-eabi/4.7.3/../../../../arm-none-eabi/lib/armv6-m\libc.a(lib_a-__atexit.o)
 .debug_frame   0x000000d0       0x2c c:/program files (x86)/atmel/atmel toolchain/arm gcc/native/4.7.3.1029/arm-gnu-toolchain/bin/../lib/gcc/arm-none-eabi/4.7.3/../../../../arm-none-eabi/lib/armv6-m\libc.a(lib_a-fini.o)
 .debug_frame   0x000000fc       0x2c c:/program files (x86)/atmel/atmel toolchain/arm gcc/native/4.7.3.1029/arm-gnu-toolchain/bin/../lib/gcc/arm-none-eabi/4.7.3/../../../../arm-none-eabi/lib/armv6-m\libc.a(lib_a-init.o)
 .debug_frame   0x00000128       0x48 c:/program files (x86)/atmel/atmel toolchain/arm gcc/native/4.7.3.1029/arm-gnu-toolchain/bin/../lib/gcc/arm-none-eabi/4.7.3/../../../../arm-none-eabi/lib/armv6-m\libc.a(lib_a-__call_atexit.o)
 .debug_frame   0x00000170       0x28 c:/program files (x86)/atmel/atmel toolchain/arm gcc/native/4.7.3.1029/arm-gnu-toolchain/bin/../lib/gcc/arm-none-eabi/4.7.3/../../../../arm-none-eabi/lib/armv6-m\libc.a(lib_a-atexit.o)
