Archive member included because of file (symbol)

c:/program files (x86)/atmel/atmel toolchain/arm gcc/native/4.7.3.1029/arm-gnu-toolchain/bin/../lib/gcc/arm-none-eabi/4.7.3/../../../../arm-none-eabi/lib/armv6-m\libc.a(lib_a-__atexit.o)
                              c:/program files (x86)/atmel/atmel toolchain/arm gcc/native/4.7.3.1029/arm-gnu-toolchain/bin/../lib/gcc/arm-none-eabi/4.7.3/../../../../arm-none-eabi/lib/armv6-m/crt0.o (__register_exitproc)
c:/program files (x86)/atmel/atmel toolchain/arm gcc/native/4.7.3.1029/arm-gnu-toolchain/bin/../lib/gcc/arm-none-eabi/4.7.3/../../../../arm-none-eabi/lib/armv6-m\libc.a(lib_a-exit.o)
                              c:/program files (x86)/atmel/atmel toolchain/arm gcc/native/4.7.3.1029/arm-gnu-toolchain/bin/../lib/gcc/arm-none-eabi/4.7.3/../../../../arm-none-eabi/lib/armv6-m/crt0.o (exit)
c:/program files (x86)/atmel/atmel toolchain/arm gcc/native/4.7.3.1029/arm-gnu-toolchain/bin/../lib/gcc/arm-none-eabi/4.7.3/../../../../arm-none-eabi/lib/armv6-m\libc.a(lib_a-fini.o)
                              c:/program files (x86)/atmel/atmel toolchain/arm gcc/native/4.7.3.1029/arm-gnu-toolchain/bin/../lib/gcc/arm-none-eabi/4.7.3/../../../../arm-none-eabi/lib/armv6-m/crt0.o (__libc_fini_array)
c:/program files (x86)/atmel/atmel toolchain/arm gcc/native/4.7.3.1029/arm-gnu-toolchain/bin/../lib/gcc/arm-none-eabi/4.7.3/../../../../arm-none-eabi/lib/armv6-m\libc.a(lib_a-impure.o)
                              c:/program files (x86)/atmel/atmel toolchain/arm gcc/native/4.7.3.1029/arm-gnu-toolchain/bin/../lib/gcc/arm-none-eabi/4.7.3/../../../../arm-none-eabi/lib/armv6-m\libc.a(lib_a-__atexit.o) (_global_impure_ptr)
c:/program files (x86)/atmel/atmel toolchain/arm gcc/native/4.7.3.1029/arm-gnu-toolchain/bin/../lib/gcc/arm-none-eabi/4.7.3/../../../../arm-none-eabi/lib/armv6-m\libc.a(lib_a-init.o)
                              c:/program files (x86)/atmel/atmel toolchain/arm gcc/native/4.7.3.1029/arm-gnu-toolchain/bin/../lib/gcc/arm-none-eabi/4.7.3/../../../../arm-none-eabi/lib/armv6-m/crt0.o (__libc_init_array)
c:/program files (x86)/atmel/atmel toolchain/arm gcc/native/4.7.3.1029/arm-gnu-toolchain/bin/../lib/gcc/arm-none-eabi/4.7.3/../../../../arm-none-eabi/lib/armv6-m\libc.a(lib_a-memset.o)
                              c:/program files (x86)/atmel/atmel toolchain/arm gcc/native/4.7.3.1029/arm-gnu-toolchain/bin/../lib/gcc/arm-none-eabi/4.7.3/../../../../arm-none-eabi/lib/armv6-m/crt0.o (memset)
c:/program files (x86)/atmel/atmel toolchain/arm gcc/native/4.7.3.1029/arm-gnu-toolchain/bin/../lib/gcc/arm-none-eabi/4.7.3/../../../../arm-none-eabi/lib/armv6-m\libc.a(lib_a-__call_atexit.o)
                              c:/program files (x86)/atmel/atmel toolchain/arm gcc/native/4.7.3.1029/arm-gnu-toolchain/bin/../lib/gcc/arm-none-eabi/4.7.3/../../../../arm-none-eabi/lib/armv6-m\libc.a(lib_a-exit.o) (__call_exitprocs)
c:/program files (x86)/atmel/atmel toolchain/arm gcc/native/4.7.3.1029/arm-gnu-toolchain/bin/../lib/gcc/arm-none-eabi/4.7.3/../../../../arm-none-eabi/lib/armv6-m\libc.a(lib_a-atexit.o)
                              c:/program files (x86)/atmel/atmel toolchain/arm gcc/native/4.7.3.1029/arm-gnu-toolchain/bin/../lib/gcc/arm-none-eabi/4.7.3/../../../../arm-none-eabi/lib/armv6-m\libc.a(lib_a-__call_atexit.o) (atexit)

Discarded input sections

 .text          0x00000000        0x0 c:/program files (x86)/atmel/atmel toolchain/arm gcc/native/4.7.3.1029/arm-gnu-toolchain/bin/../lib/gcc/arm-none-eabi/4.7.3/armv6-m/crti.o
 .data          0x00000000        0x0 c:/program files (x86)/atmel/atmel toolchain/arm gcc/native/4.7.3.1029/arm-gnu-toolchain/bin/../lib/gcc/arm-none-eabi/4.7.3/armv6-m/crti.o
 .bss           0x00000000        0x0 c:/program files (x86)/atmel/atmel toolchain/arm gcc/native/4.7.3.1029/arm-gnu-toolchain/bin/../lib/gcc/arm-none-eabi/4.7.3/armv6-m/crti.o
 .data          0x00000000        0x4 c:/program files (x86)/atmel/atmel toolchain/arm gcc/native/4.7.3.1029/arm-gnu-toolchain/bin/../lib/gcc/arm-none-eabi/4.7.3/armv6-m/crtbegin.o
 .text          0x00000000       0x74 c:/program files (x86)/atmel/atmel toolchain/arm gcc/native/4.7.3.1029/arm-gnu-toolchain/bin/../lib/gcc/arm-none-eabi/4.7.3/../../../../arm-none-eabi/lib/armv6-m/crt0.o
 .data          0x00000000        0x0 c:/program files (x86)/atmel/atmel toolchain/arm gcc/native/4.7.3.1029/arm-gnu-toolchain/bin/../lib/gcc/arm-none-eabi/4.7.3/../../../../arm-none-eabi/lib/armv6-m/crt0.o
 .bss           0x00000000        0x0 c:/program files (x86)/atmel/atmel toolchain/arm gcc/native/4.7.3.1029/arm-gnu-toolchain/bin/../lib/gcc/arm-none-eabi/4.7.3/../../../../arm-none-eabi/lib/armv6-m/crt0.o
 .ARM.extab     0x00000000        0x0 c:/program files (x86)/atmel/atmel toolchain/arm gcc/native/4.7.3.1029/arm-gnu-toolchain/bin/../lib/gcc/arm-none-eabi/4.7.3/../../../../arm-none-eabi/lib/armv6-m/crt0.o
 .ARM.exidx     0x00000000        0x8 c:/program files (x86)/atmel/atmel toolchain/arm gcc/native/4.7.3.1029/arm-gnu-toolchain/bin/../lib/gcc/arm-none-eabi/4.7.3/../../../../arm-none-eabi/lib/armv6-m/crt0.o
 .ARM.attributes
                0x00000000       0x1c c:/program files (x86)/atmel/atmel toolchain/arm gcc/native/4.7.3.1029/arm-gnu-toolchain/bin/../lib/gcc/arm-none-eabi/4.7.3/../../../../arm-none-eabi/lib/armv6-m/crt0.o
 .debug_line    0x00000000       0xc7 c:/program files (x86)/atmel/atmel toolchain/arm gcc/native/4.7.3.1029/arm-gnu-toolchain/bin/../lib/gcc/arm-none-eabi/4.7.3/../../../../arm-none-eabi/lib/armv6-m/crt0.o
 .debug_info    0x00000000      0x117 c:/program files (x86)/atmel/atmel toolchain/arm gcc/native/4.7.3.1029/arm-gnu-toolchain/bin/../lib/gcc/arm-none-eabi/4.7.3/../../../../arm-none-eabi/lib/armv6-m/crt0.o
 .debug_abbrev  0x00000000       0x14 c:/program files (x86)/atmel/atmel toolchain/arm gcc/native/4.7.3.1029/arm-gnu-toolchain/bin/../lib/gcc/arm-none-eabi/4.7.3/../../../../arm-none-eabi/lib/armv6-m/crt0.o
 .debug_aranges
                0x00000000       0x20 c:/program files (x86)/atmel/atmel toolchain/arm gcc/native/4.7.3.1029/arm-gnu-toolchain/bin/../lib/gcc/arm-none-eabi/4.7.3/../../../../arm-none-eabi/lib/armv6-m/crt0.o
 .text          0x00000000        0x0 cmsis/src/startup_samd20.o
 .data          0x00000000        0x0 cmsis/src/startup_samd20.o
 .bss           0x00000000        0x0 cmsis/src/startup_samd20.o
 .text          0x00000000        0x0 cmsis/src/system_samd20.o
 .data          0x00000000        0x4 cmsis/src/system_samd20.o
 .bss           0x00000000        0x0 cmsis/src/system_samd20.o
 .text.SystemInit
                0x00000000       0x10 cmsis/src/system_samd20.o
 .text.SystemCoreClockUpdate
                0x00000000       0x10 cmsis/src/system_samd20.o
 .comment       0x00000000       0x72 cmsis/src/system_samd20.o
 .ARM.attributes
                0x00000000       0x32 cmsis/src/system_samd20.o
 .text          0x00000000        0x0 leitorrf.o
 .data          0x00000000        0x0 leitorrf.o
 .bss           0x00000000        0x0 leitorrf.o
 .data          0x00000000        0x0 c:/program files (x86)/atmel/atmel toolchain/arm gcc/native/4.7.3.1029/arm-gnu-toolchain/bin/../lib/gcc/arm-none-eabi/4.7.3/../../../../arm-none-eabi/lib/armv6-m\libc.a(lib_a-__atexit.o)
 .bss           0x00000000        0x0 c:/program files (x86)/atmel/atmel toolchain/arm gcc/native/4.7.3.1029/arm-gnu-toolchain/bin/../lib/gcc/arm-none-eabi/4.7.3/../../../../arm-none-eabi/lib/armv6-m\libc.a(lib_a-__atexit.o)
 .text          0x00000000       0x20 c:/program files (x86)/atmel/atmel toolchain/arm gcc/native/4.7.3.1029/arm-gnu-toolchain/bin/../lib/gcc/arm-none-eabi/4.7.3/../../../../arm-none-eabi/lib/armv6-m\libc.a(lib_a-exit.o)
 .data          0x00000000        0x0 c:/program files (x86)/atmel/atmel toolchain/arm gcc/native/4.7.3.1029/arm-gnu-toolchain/bin/../lib/gcc/arm-none-eabi/4.7.3/../../../../arm-none-eabi/lib/armv6-m\libc.a(lib_a-exit.o)
 .bss           0x00000000        0x0 c:/program files (x86)/atmel/atmel toolchain/arm gcc/native/4.7.3.1029/arm-gnu-toolchain/bin/../lib/gcc/arm-none-eabi/4.7.3/../../../../arm-none-eabi/lib/armv6-m\libc.a(lib_a-exit.o)
 .debug_info    0x00000000      0x9bc c:/program files (x86)/atmel/atmel toolchain/arm gcc/native/4.7.3.1029/arm-gnu-toolchain/bin/../lib/gcc/arm-none-eabi/4.7.3/../../../../arm-none-eabi/lib/armv6-m\libc.a(lib_a-exit.o)
 .debug_abbrev  0x00000000      0x1c6 c:/program files (x86)/atmel/atmel toolchain/arm gcc/native/4.7.3.1029/arm-gnu-toolchain/bin/../lib/gcc/arm-none-eabi/4.7.3/../../../../arm-none-eabi/lib/armv6-m\libc.a(lib_a-exit.o)
 .debug_loc     0x00000000       0x3e c:/program files (x86)/atmel/atmel toolchain/arm gcc/native/4.7.3.1029/arm-gnu-toolchain/bin/../lib/gcc/arm-none-eabi/4.7.3/../../../../arm-none-eabi/lib/armv6-m\libc.a(lib_a-exit.o)
 .debug_aranges
                0x00000000       0x20 c:/program files (x86)/atmel/atmel toolchain/arm gcc/native/4.7.3.1029/arm-gnu-toolchain/bin/../lib/gcc/arm-none-eabi/4.7.3/../../../../arm-none-eabi/lib/armv6-m\libc.a(lib_a-exit.o)
 .debug_line    0x00000000      0x217 c:/program files (x86)/atmel/atmel toolchain/arm gcc/native/4.7.3.1029/arm-gnu-toolchain/bin/../lib/gcc/arm-none-eabi/4.7.3/../../../../arm-none-eabi/lib/armv6-m\libc.a(lib_a-exit.o)
 .debug_str     0x00000000      0x520 c:/program files (x86)/atmel/atmel toolchain/arm gcc/native/4.7.3.1029/arm-gnu-toolchain/bin/../lib/gcc/arm-none-eabi/4.7.3/../../../../arm-none-eabi/lib/armv6-m\libc.a(lib_a-exit.o)
 .comment       0x00000000       0x72 c:/program files (x86)/atmel/atmel toolchain/arm gcc/native/4.7.3.1029/arm-gnu-toolchain/bin/../lib/gcc/arm-none-eabi/4.7.3/../../../../arm-none-eabi/lib/armv6-m\libc.a(lib_a-exit.o)
 .ARM.attributes
                0x00000000       0x2c c:/program files (x86)/atmel/atmel toolchain/arm gcc/native/4.7.3.1029/arm-gnu-toolchain/bin/../lib/gcc/arm-none-eabi/4.7.3/../../../../arm-none-eabi/lib/armv6-m\libc.a(lib_a-exit.o)
 .debug_frame   0x00000000       0x28 c:/program files (x86)/atmel/atmel toolchain/arm gcc/native/4.7.3.1029/arm-gnu-toolchain/bin/../lib/gcc/arm-none-eabi/4.7.3/../../../../arm-none-eabi/lib/armv6-m\libc.a(lib_a-exit.o)
 .data          0x00000000        0x0 c:/program files (x86)/atmel/atmel toolchain/arm gcc/native/4.7.3.1029/arm-gnu-toolchain/bin/../lib/gcc/arm-none-eabi/4.7.3/../../../../arm-none-eabi/lib/armv6-m\libc.a(lib_a-fini.o)
 .bss           0x00000000        0x0 c:/program files (x86)/atmel/atmel toolchain/arm gcc/native/4.7.3.1029/arm-gnu-toolchain/bin/../lib/gcc/arm-none-eabi/4.7.3/../../../../arm-none-eabi/lib/armv6-m\libc.a(lib_a-fini.o)
 .text          0x00000000        0x0 c:/program files (x86)/atmel/atmel toolchain/arm gcc/native/4.7.3.1029/arm-gnu-toolchain/bin/../lib/gcc/arm-none-eabi/4.7.3/../../../../arm-none-eabi/lib/armv6-m\libc.a(lib_a-impure.o)
 .bss           0x00000000        0x0 c:/program files (x86)/atmel/atmel toolchain/arm gcc/native/4.7.3.1029/arm-gnu-toolchain/bin/../lib/gcc/arm-none-eabi/4.7.3/../../../../arm-none-eabi/lib/armv6-m\libc.a(lib_a-impure.o)
 .data          0x00000000        0x0 c:/program files (x86)/atmel/atmel toolchain/arm gcc/native/4.7.3.1029/arm-gnu-toolchain/bin/../lib/gcc/arm-none-eabi/4.7.3/../../../../arm-none-eabi/lib/armv6-m\libc.a(lib_a-init.o)
 .bss           0x00000000        0x0 c:/program files (x86)/atmel/atmel toolchain/arm gcc/native/4.7.3.1029/arm-gnu-toolchain/bin/../lib/gcc/arm-none-eabi/4.7.3/../../../../arm-none-eabi/lib/armv6-m\libc.a(lib_a-init.o)
 .text          0x00000000       0x12 c:/program files (x86)/atmel/atmel toolchain/arm gcc/native/4.7.3.1029/arm-gnu-toolchain/bin/../lib/gcc/arm-none-eabi/4.7.3/../../../../arm-none-eabi/lib/armv6-m\libc.a(lib_a-memset.o)
 .data          0x00000000        0x0 c:/program files (x86)/atmel/atmel toolchain/arm gcc/native/4.7.3.1029/arm-gnu-toolchain/bin/../lib/gcc/arm-none-eabi/4.7.3/../../../../arm-none-eabi/lib/armv6-m\libc.a(lib_a-memset.o)
 .bss           0x00000000        0x0 c:/program files (x86)/atmel/atmel toolchain/arm gcc/native/4.7.3.1029/arm-gnu-toolchain/bin/../lib/gcc/arm-none-eabi/4.7.3/../../../../arm-none-eabi/lib/armv6-m\libc.a(lib_a-memset.o)
 .debug_info    0x00000000       0xd4 c:/program files (x86)/atmel/atmel toolchain/arm gcc/native/4.7.3.1029/arm-gnu-toolchain/bin/../lib/gcc/arm-none-eabi/4.7.3/../../../../arm-none-eabi/lib/armv6-m\libc.a(lib_a-memset.o)
 .debug_abbrev  0x00000000       0x8c c:/program files (x86)/atmel/atmel toolchain/arm gcc/native/4.7.3.1029/arm-gnu-toolchain/bin/../lib/gcc/arm-none-eabi/4.7.3/../../../../arm-none-eabi/lib/armv6-m\libc.a(lib_a-memset.o)
 .debug_loc     0x00000000       0x5f c:/program files (x86)/atmel/atmel toolchain/arm gcc/native/4.7.3.1029/arm-gnu-toolchain/bin/../lib/gcc/arm-none-eabi/4.7.3/../../../../arm-none-eabi/lib/armv6-m\libc.a(lib_a-memset.o)
 .debug_aranges
                0x00000000       0x20 c:/program files (x86)/atmel/atmel toolchain/arm gcc/native/4.7.3.1029/arm-gnu-toolchain/bin/../lib/gcc/arm-none-eabi/4.7.3/../../../../arm-none-eabi/lib/armv6-m\libc.a(lib_a-memset.o)
 .debug_line    0x00000000      0x18d c:/program files (x86)/atmel/atmel toolchain/arm gcc/native/4.7.3.1029/arm-gnu-toolchain/bin/../lib/gcc/arm-none-eabi/4.7.3/../../../../arm-none-eabi/lib/armv6-m\libc.a(lib_a-memset.o)
 .debug_str     0x00000000      0x14d c:/program files (x86)/atmel/atmel toolchain/arm gcc/native/4.7.3.1029/arm-gnu-toolchain/bin/../lib/gcc/arm-none-eabi/4.7.3/../../../../arm-none-eabi/lib/armv6-m\libc.a(lib_a-memset.o)
 .comment       0x00000000       0x72 c:/program files (x86)/atmel/atmel toolchain/arm gcc/native/4.7.3.1029/arm-gnu-toolchain/bin/../lib/gcc/arm-none-eabi/4.7.3/../../../../arm-none-eabi/lib/armv6-m\libc.a(lib_a-memset.o)
 .ARM.attributes
                0x00000000       0x2c c:/program files (x86)/atmel/atmel toolchain/arm gcc/native/4.7.3.1029/arm-gnu-toolchain/bin/../lib/gcc/arm-none-eabi/4.7.3/../../../../arm-none-eabi/lib/armv6-m\libc.a(lib_a-memset.o)
 .debug_frame   0x00000000       0x28 c:/program files (x86)/atmel/atmel toolchain/arm gcc/native/4.7.3.1029/arm-gnu-toolchain/bin/../lib/gcc/arm-none-eabi/4.7.3/../../../../arm-none-eabi/lib/armv6-m\libc.a(lib_a-memset.o)
 .text          0x00000000       0xc4 c:/program files (x86)/atmel/atmel toolchain/arm gcc/native/4.7.3.1029/arm-gnu-toolchain/bin/../lib/gcc/arm-none-eabi/4.7.3/../../../../arm-none-eabi/lib/armv6-m\libc.a(lib_a-__call_atexit.o)
 .data          0x00000000        0x0 c:/program files (x86)/atmel/atmel toolchain/arm gcc/native/4.7.3.1029/arm-gnu-toolchain/bin/../lib/gcc/arm-none-eabi/4.7.3/../../../../arm-none-eabi/lib/armv6-m\libc.a(lib_a-__call_atexit.o)
 .bss           0x00000000        0x0 c:/program files (x86)/atmel/atmel toolchain/arm gcc/native/4.7.3.1029/arm-gnu-toolchain/bin/../lib/gcc/arm-none-eabi/4.7.3/../../../../arm-none-eabi/lib/armv6-m\libc.a(lib_a-__call_atexit.o)
 .data          0x00000000        0x0 c:/program files (x86)/atmel/atmel toolchain/arm gcc/native/4.7.3.1029/arm-gnu-toolchain/bin/../lib/gcc/arm-none-eabi/4.7.3/../../../../arm-none-eabi/lib/armv6-m\libc.a(lib_a-atexit.o)
 .bss           0x00000000        0x0 c:/program files (x86)/atmel/atmel toolchain/arm gcc/native/4.7.3.1029/arm-gnu-toolchain/bin/../lib/gcc/arm-none-eabi/4.7.3/../../../../arm-none-eabi/lib/armv6-m\libc.a(lib_a-atexit.o)
 .text          0x00000000        0x0 c:/program files (x86)/atmel/atmel toolchain/arm gcc/native/4.7.3.1029/arm-gnu-toolchain/bin/../lib/gcc/arm-none-eabi/4.7.3/armv6-m/crtend.o
 .data          0x00000000        0x0 c:/program files (x86)/atmel/atmel toolchain/arm gcc/native/4.7.3.1029/arm-gnu-toolchain/bin/../lib/gcc/arm-none-eabi/4.7.3/armv6-m/crtend.o
 .bss           0x00000000        0x0 c:/program files (x86)/atmel/atmel toolchain/arm gcc/native/4.7.3.1029/arm-gnu-toolchain/bin/../lib/gcc/arm-none-eabi/4.7.3/armv6-m/crtend.o
 .eh_frame      0x00000000        0x4 c:/program files (x86)/atmel/atmel toolchain/arm gcc/native/4.7.3.1029/arm-gnu-toolchain/bin/../lib/gcc/arm-none-eabi/4.7.3/armv6-m/crtend.o
 .jcr           0x00000000        0x4 c:/program files (x86)/atmel/atmel toolchain/arm gcc/native/4.7.3.1029/arm-gnu-toolchain/bin/../lib/gcc/arm-none-eabi/4.7.3/armv6-m/crtend.o
 .text          0x00000000        0x0 c:/program files (x86)/atmel/atmel toolchain/arm gcc/native/4.7.3.1029/arm-gnu-toolchain/bin/../lib/gcc/arm-none-eabi/4.7.3/armv6-m/crtn.o
 .data          0x00000000        0x0 c:/program files (x86)/atmel/atmel toolchain/arm gcc/native/4.7.3.1029/arm-gnu-toolchain/bin/../lib/gcc/arm-none-eabi/4.7.3/armv6-m/crtn.o
 .bss           0x00000000        0x0 c:/program files (x86)/atmel/atmel toolchain/arm gcc/native/4.7.3.1029/arm-gnu-toolchain/bin/../lib/gcc/arm-none-eabi/4.7.3/armv6-m/crtn.o

Memory Configuration

Name             Origin             Length             Attributes
rom              0x00000000         0x00004000         xr
ram              0x20000000         0x00000800         xrw
*default*        0x00000000         0xffffffff

Linker script and memory map

LOAD c:/program files (x86)/atmel/atmel toolchain/arm gcc/native/4.7.3.1029/arm-gnu-toolchain/bin/../lib/gcc/arm-none-eabi/4.7.3/armv6-m/crti.o
LOAD c:/program files (x86)/atmel/atmel toolchain/arm gcc/native/4.7.3.1029/arm-gnu-toolchain/bin/../lib/gcc/arm-none-eabi/4.7.3/armv6-m/crtbegin.o
LOAD c:/program files (x86)/atmel/atmel toolchain/arm gcc/native/4.7.3.1029/arm-gnu-toolchain/bin/../lib/gcc/arm-none-eabi/4.7.3/../../../../arm-none-eabi/lib/armv6-m/crt0.o
LOAD cmsis/src/startup_samd20.o
LOAD cmsis/src/system_samd20.o
LOAD leitorrf.o
START GROUP
LOAD c:/program files (x86)/atmel/atmel toolchain/arm gcc/native/4.7.3.1029/arm-gnu-toolchain/bin/../lib/gcc/arm-none-eabi/4.7.3/../../../../arm-none-eabi/lib/armv6-m\libm.a
END GROUP
START GROUP
LOAD c:/program files (x86)/atmel/atmel toolchain/arm gcc/native/4.7.3.1029/arm-gnu-toolchain/bin/../lib/gcc/arm-none-eabi/4.7.3/armv6-m\libgcc.a
LOAD c:/program files (x86)/atmel/atmel toolchain/arm gcc/native/4.7.3.1029/arm-gnu-toolchain/bin/../lib/gcc/arm-none-eabi/4.7.3/../../../../arm-none-eabi/lib/armv6-m\libc.a
END GROUP
LOAD c:/program files (x86)/atmel/atmel toolchain/arm gcc/native/4.7.3.1029/arm-gnu-toolchain/bin/../lib/gcc/arm-none-eabi/4.7.3/armv6-m/crtend.o
LOAD c:/program files (x86)/atmel/atmel toolchain/arm gcc/native/4.7.3.1029/arm-gnu-toolchain/bin/../lib/gcc/arm-none-eabi/4.7.3/armv6-m/crtn.o
                [0x00000200]                STACK_SIZE = DEFINED (STACK_SIZE)?STACK_SIZE:0x200

.text           0x00000000      0x330
                0x00000000                . = ALIGN (0x4)
                0x00000000                _sfixed = .
 *(.vectors .vectors.*)
 .vectors       0x00000000       0xa0 cmsis/src/startup_samd20.o
                0x00000000                exception_table
 *(.text .text.* .gnu.linkonce.t.*)
 .text          0x000000a0       0xbc c:/program files (x86)/atmel/atmel toolchain/arm gcc/native/4.7.3.1029/arm-gnu-toolchain/bin/../lib/gcc/arm-none-eabi/4.7.3/armv6-m/crtbegin.o
 .text.Dummy_Handler
                0x0000015c        0x4 cmsis/src/startup_samd20.o
                0x0000015c                HardFault_Handler
                0x0000015c                TC2_Handler
                0x0000015c                AC_Handler
                0x0000015c                SysTick_Handler
                0x0000015c                PendSV_Handler
                0x0000015c                NMI_Handler
                0x0000015c                TC7_Handler
                0x0000015c                SERCOM1_Handler
                0x0000015c                ADC_Handler
                0x0000015c                SERCOM2_Handler
                0x0000015c                RTC_Handler
                0x0000015c                EIC_Handler
                0x0000015c                TC6_Handler
                0x0000015c                WDT_Handler
                0x0000015c                TC4_Handler
                0x0000015c                TC1_Handler
                0x0000015c                TC3_Handler
                0x0000015c                Dummy_Handler
                0x0000015c                PM_Handler
                0x0000015c                SERCOM5_Handler
                0x0000015c                SVC_Handler
                0x0000015c                EVSYS_Handler
                0x0000015c                SERCOM3_Handler
                0x0000015c                SERCOM4_Handler
                0x0000015c                NVMCTRL_Handler
                0x0000015c                SERCOM0_Handler
                0x0000015c                DAC_Handler
                0x0000015c                TC0_Handler
                0x0000015c                TC5_Handler
                0x0000015c                SYSCTRL_Handler
 .text.Reset_Handler
                0x00000160       0x64 cmsis/src/startup_samd20.o
                0x00000160                Reset_Handler
 .text.startup.main
                0x000001c4        0x4 leitorrf.o
                0x000001c4                main
 .text          0x000001c8       0x9c c:/program files (x86)/atmel/atmel toolchain/arm gcc/native/4.7.3.1029/arm-gnu-toolchain/bin/../lib/gcc/arm-none-eabi/4.7.3/../../../../arm-none-eabi/lib/armv6-m\libc.a(lib_a-__atexit.o)
                0x000001c8                __register_exitproc
 .text          0x00000264       0x2c c:/program files (x86)/atmel/atmel toolchain/arm gcc/native/4.7.3.1029/arm-gnu-toolchain/bin/../lib/gcc/arm-none-eabi/4.7.3/../../../../arm-none-eabi/lib/armv6-m\libc.a(lib_a-fini.o)
                0x00000264                __libc_fini_array
 .text          0x00000290       0x4c c:/program files (x86)/atmel/atmel toolchain/arm gcc/native/4.7.3.1029/arm-gnu-toolchain/bin/../lib/gcc/arm-none-eabi/4.7.3/../../../../arm-none-eabi/lib/armv6-m\libc.a(lib_a-init.o)
                0x00000290                __libc_init_array
 .text.startup  0x000002dc       0x18 c:/program files (x86)/atmel/atmel toolchain/arm gcc/native/4.7.3.1029/arm-gnu-toolchain/bin/../lib/gcc/arm-none-eabi/4.7.3/../../../../arm-none-eabi/lib/armv6-m\libc.a(lib_a-__call_atexit.o)
 .text          0x000002f4       0x10 c:/program files (x86)/atmel/atmel toolchain/arm gcc/native/4.7.3.1029/arm-gnu-toolchain/bin/../lib/gcc/arm-none-eabi/4.7.3/../../../../arm-none-eabi/lib/armv6-m\libc.a(lib_a-atexit.o)
                0x000002f4                atexit
 *(.glue_7t)
 .glue_7t       0x00000000        0x0 linker stubs
 *(.glue_7)
 .glue_7        0x00000000        0x0 linker stubs
 *(.rodata .rodata* .gnu.linkonce.r.*)
 .rodata        0x00000304        0x4 c:/program files (x86)/atmel/atmel toolchain/arm gcc/native/4.7.3.1029/arm-gnu-toolchain/bin/../lib/gcc/arm-none-eabi/4.7.3/../../../../arm-none-eabi/lib/armv6-m\libc.a(lib_a-impure.o)
                0x00000304                _global_impure_ptr
 .rodata.str1.1
                0x00000308        0x2 c:/program files (x86)/atmel/atmel toolchain/arm gcc/native/4.7.3.1029/arm-gnu-toolchain/bin/../lib/gcc/arm-none-eabi/4.7.3/../../../../arm-none-eabi/lib/armv6-m\libc.a(lib_a-impure.o)
 *(.ARM.extab* .gnu.linkonce.armextab.*)
                0x0000030c                . = ALIGN (0x4)
 *fill*         0x0000030a        0x2 00
 *(.init)
 .init          0x0000030c        0x4 c:/program files (x86)/atmel/atmel toolchain/arm gcc/native/4.7.3.1029/arm-gnu-toolchain/bin/../lib/gcc/arm-none-eabi/4.7.3/armv6-m/crti.o
                0x0000030c                _init
 .init          0x00000310        0x8 c:/program files (x86)/atmel/atmel toolchain/arm gcc/native/4.7.3.1029/arm-gnu-toolchain/bin/../lib/gcc/arm-none-eabi/4.7.3/armv6-m/crtn.o
                0x00000318                . = ALIGN (0x4)
                0x00000318                __preinit_array_start = .
 *(.preinit_array)
                0x00000318                __preinit_array_end = .
                0x00000318                . = ALIGN (0x4)
                0x00000318                __init_array_start = .
 *(SORT(.init_array.*))
 .init_array.00000
                0x00000318        0x4 c:/program files (x86)/atmel/atmel toolchain/arm gcc/native/4.7.3.1029/arm-gnu-toolchain/bin/../lib/gcc/arm-none-eabi/4.7.3/../../../../arm-none-eabi/lib/armv6-m\libc.a(lib_a-__call_atexit.o)
 *(.init_array)
 .init_array    0x0000031c        0x4 c:/program files (x86)/atmel/atmel toolchain/arm gcc/native/4.7.3.1029/arm-gnu-toolchain/bin/../lib/gcc/arm-none-eabi/4.7.3/armv6-m/crtbegin.o
                0x00000320                __init_array_end = .
                0x00000320                . = ALIGN (0x4)
 *crtbegin.o(.ctors)
 *(EXCLUDE_FILE(*crtend.o) .ctors)
 *(SORT(.ctors.*))
 *crtend.o(.ctors)
                0x00000320                . = ALIGN (0x4)
 *(.fini)
 .fini          0x00000320        0x4 c:/program files (x86)/atmel/atmel toolchain/arm gcc/native/4.7.3.1029/arm-gnu-toolchain/bin/../lib/gcc/arm-none-eabi/4.7.3/armv6-m/crti.o
                0x00000320                _fini
 .fini          0x00000324        0x8 c:/program files (x86)/atmel/atmel toolchain/arm gcc/native/4.7.3.1029/arm-gnu-toolchain/bin/../lib/gcc/arm-none-eabi/4.7.3/armv6-m/crtn.o
                0x0000032c                . = ALIGN (0x4)
                0x0000032c                __fini_array_start = .
 *(.fini_array)
 .fini_array    0x0000032c        0x4 c:/program files (x86)/atmel/atmel toolchain/arm gcc/native/4.7.3.1029/arm-gnu-toolchain/bin/../lib/gcc/arm-none-eabi/4.7.3/armv6-m/crtbegin.o
 *(SORT(.fini_array.*))
                0x00000330                __fini_array_end = .
 *crtbegin.o(.dtors)
 *(EXCLUDE_FILE(*crtend.o) .dtors)
 *(SORT(.dtors.*))
 *crtend.o(.dtors)
                0x00000330                . = ALIGN (0x4)
                0x00000330                _efixed = .
                0x00000330                PROVIDE (__exidx_start, .)

.vfp11_veneer   0x00000330        0x0
 .vfp11_veneer  0x00000000        0x0 linker stubs

.v4_bx          0x00000330        0x0
 .v4_bx         0x00000000        0x0 linker stubs

.iplt           0x00000330        0x0
 .iplt          0x00000000        0x0 c:/program files (x86)/atmel/atmel toolchain/arm gcc/native/4.7.3.1029/arm-gnu-toolchain/bin/../lib/gcc/arm-none-eabi/4.7.3/armv6-m/crtbegin.o

.eh_frame       0x00000330        0x0
 .eh_frame      0x00000330        0x0 c:/program files (x86)/atmel/atmel toolchain/arm gcc/native/4.7.3.1029/arm-gnu-toolchain/bin/../lib/gcc/arm-none-eabi/4.7.3/armv6-m/crtbegin.o

.rel.dyn        0x00000330        0x0
 .rel.iplt      0x00000000        0x0 c:/program files (x86)/atmel/atmel toolchain/arm gcc/native/4.7.3.1029/arm-gnu-toolchain/bin/../lib/gcc/arm-none-eabi/4.7.3/armv6-m/crtbegin.o

.jcr            0x00000330        0x0
 .jcr           0x00000330        0x0 c:/program files (x86)/atmel/atmel toolchain/arm gcc/native/4.7.3.1029/arm-gnu-toolchain/bin/../lib/gcc/arm-none-eabi/4.7.3/armv6-m/crtbegin.o

.tm_clone_table
                0x00000330        0x0
 .tm_clone_table
                0x00000330        0x0 c:/program files (x86)/atmel/atmel toolchain/arm gcc/native/4.7.3.1029/arm-gnu-toolchain/bin/../lib/gcc/arm-none-eabi/4.7.3/armv6-m/crtbegin.o
 .tm_clone_table
                0x00000330        0x0 c:/program files (x86)/atmel/atmel toolchain/arm gcc/native/4.7.3.1029/arm-gnu-toolchain/bin/../lib/gcc/arm-none-eabi/4.7.3/armv6-m/crtend.o

.igot.plt       0x00000330        0x0
 .igot.plt      0x00000000        0x0 c:/program files (x86)/atmel/atmel toolchain/arm gcc/native/4.7.3.1029/arm-gnu-toolchain/bin/../lib/gcc/arm-none-eabi/4.7.3/armv6-m/crtbegin.o

.ARM.exidx
 *(.ARM.exidx* .gnu.linkonce.armexidx.*)
                0x00000330                PROVIDE (__exidx_end, .)
                0x00000330                . = ALIGN (0x4)
                0x00000330                _etext = .

.relocate       0x20000000      0x430 load address 0x00000330
                0x20000000                . = ALIGN (0x4)
                0x20000000                _srelocate = .
 *(.ramfunc .ramfunc.*)
 *(.data .data.*)
 .data          0x20000000      0x430 c:/program files (x86)/atmel/atmel toolchain/arm gcc/native/4.7.3.1029/arm-gnu-toolchain/bin/../lib/gcc/arm-none-eabi/4.7.3/../../../../arm-none-eabi/lib/armv6-m\libc.a(lib_a-impure.o)
                0x20000000                _impure_ptr
                0x20000430                . = ALIGN (0x4)
                0x20000430                _erelocate = .

.bss            0x20000430       0x1c load address 0x00000760
                0x20000430                . = ALIGN (0x4)
                0x20000430                _sbss = .
                0x20000430                _szero = .
 *(.bss .bss.*)
 .bss           0x20000430       0x1c c:/program files (x86)/atmel/atmel toolchain/arm gcc/native/4.7.3.1029/arm-gnu-toolchain/bin/../lib/gcc/arm-none-eabi/4.7.3/armv6-m/crtbegin.o
 *(COMMON)
                0x2000044c                . = ALIGN (0x4)
                0x2000044c                _ebss = .
                0x2000044c                _ezero = .

.stack          0x2000044c      0x204 load address 0x0000077c
                0x20000450                . = ALIGN (0x8)
 *fill*         0x2000044c        0x4 00
                0x20000450                _sstack = .
                0x20000650                . = (. + STACK_SIZE)
 *fill*         0x20000450      0x200 00
                0x20000650                . = ALIGN (0x8)
                0x20000650                _estack = .
                0x20000650                . = ALIGN (0x4)
                0x20000650                _end = .
OUTPUT(leitorrf.elf elf32-littlearm)

.ARM.attributes
                0x00000000       0x28
 .ARM.attributes
                0x00000000       0x1e c:/program files (x86)/atmel/atmel toolchain/arm gcc/native/4.7.3.1029/arm-gnu-toolchain/bin/../lib/gcc/arm-none-eabi/4.7.3/armv6-m/crti.o
 .ARM.attributes
                0x0000001e       0x2c c:/program files (x86)/atmel/atmel toolchain/arm gcc/native/4.7.3.1029/arm-gnu-toolchain/bin/../lib/gcc/arm-none-eabi/4.7.3/armv6-m/crtbegin.o
 .ARM.attributes
                0x0000004a       0x32 cmsis/src/startup_samd20.o
 .ARM.attributes
                0x0000007c       0x32 leitorrf.o
 .ARM.attributes
                0x000000ae       0x2c c:/program files (x86)/atmel/atmel toolchain/arm gcc/native/4.7.3.1029/arm-gnu-toolchain/bin/../lib/gcc/arm-none-eabi/4.7.3/../../../../arm-none-eabi/lib/armv6-m\libc.a(lib_a-__atexit.o)
 .ARM.attributes
                0x000000da       0x2c c:/program files (x86)/atmel/atmel toolchain/arm gcc/native/4.7.3.1029/arm-gnu-toolchain/bin/../lib/gcc/arm-none-eabi/4.7.3/../../../../arm-none-eabi/lib/armv6-m\libc.a(lib_a-fini.o)
 .ARM.attributes
                0x00000106       0x2c c:/program files (x86)/atmel/atmel toolchain/arm gcc/native/4.7.3.1029/arm-gnu-toolchain/bin/../lib/gcc/arm-none-eabi/4.7.3/../../../../arm-none-eabi/lib/armv6-m\libc.a(lib_a-impure.o)
 .ARM.attributes
                0x00000132       0x2c c:/program files (x86)/atmel/atmel toolchain/arm gcc/native/4.7.3.1029/arm-gnu-toolchain/bin/../lib/gcc/arm-none-eabi/4.7.3/../../../../arm-none-eabi/lib/armv6-m\libc.a(lib_a-init.o)
 .ARM.attributes
                0x0000015e       0x2c c:/program files (x86)/atmel/atmel toolchain/arm gcc/native/4.7.3.1029/arm-gnu-toolchain/bin/../lib/gcc/arm-none-eabi/4.7.3/../../../../arm-none-eabi/lib/armv6-m\libc.a(lib_a-__call_atexit.o)
 .ARM.attributes
                0x0000018a       0x2c c:/program files (x86)/atmel/atmel toolchain/arm gcc/native/4.7.3.1029/arm-gnu-toolchain/bin/../lib/gcc/arm-none-eabi/4.7.3/../../../../arm-none-eabi/lib/armv6-m\libc.a(lib_a-atexit.o)
 .ARM.attributes
                0x000001b6       0x2c c:/program files (x86)/atmel/atmel toolchain/arm gcc/native/4.7.3.1029/arm-gnu-toolchain/bin/../lib/gcc/arm-none-eabi/4.7.3/armv6-m/crtend.o
 .ARM.attributes
                0x000001e2       0x1e c:/program files (x86)/atmel/atmel toolchain/arm gcc/native/4.7.3.1029/arm-gnu-toolchain/bin/../lib/gcc/arm-none-eabi/4.7.3/armv6-m/crtn.o

.comment        0x00000000       0x71
 .comment       0x00000000       0x71 c:/program files (x86)/atmel/atmel toolchain/arm gcc/native/4.7.3.1029/arm-gnu-toolchain/bin/../lib/gcc/arm-none-eabi/4.7.3/armv6-m/crtbegin.o
                                 0x72 (size before relaxing)
 .comment       0x00000000       0x72 cmsis/src/startup_samd20.o
 .comment       0x00000000       0x72 leitorrf.o
 .comment       0x00000000       0x72 c:/program files (x86)/atmel/atmel toolchain/arm gcc/native/4.7.3.1029/arm-gnu-toolchain/bin/../lib/gcc/arm-none-eabi/4.7.3/../../../../arm-none-eabi/lib/armv6-m\libc.a(lib_a-__atexit.o)
 .comment       0x00000000       0x72 c:/program files (x86)/atmel/atmel toolchain/arm gcc/native/4.7.3.1029/arm-gnu-toolchain/bin/../lib/gcc/arm-none-eabi/4.7.3/../../../../arm-none-eabi/lib/armv6-m\libc.a(lib_a-fini.o)
 .comment       0x00000000       0x72 c:/program files (x86)/atmel/atmel toolchain/arm gcc/native/4.7.3.1029/arm-gnu-toolchain/bin/../lib/gcc/arm-none-eabi/4.7.3/../../../../arm-none-eabi/lib/armv6-m\libc.a(lib_a-impure.o)
 .comment       0x00000000       0x72 c:/program files (x86)/atmel/atmel toolchain/arm gcc/native/4.7.3.1029/arm-gnu-toolchain/bin/../lib/gcc/arm-none-eabi/4.7.3/../../../../arm-none-eabi/lib/armv6-m\libc.a(lib_a-init.o)
 .comment       0x00000000       0x72 c:/program files (x86)/atmel/atmel toolchain/arm gcc/native/4.7.3.1029/arm-gnu-toolchain/bin/../lib/gcc/arm-none-eabi/4.7.3/../../../../arm-none-eabi/lib/armv6-m\libc.a(lib_a-__call_atexit.o)
 .comment       0x00000000       0x72 c:/program files (x86)/atmel/atmel toolchain/arm gcc/native/4.7.3.1029/arm-gnu-toolchain/bin/../lib/gcc/arm-none-eabi/4.7.3/../../../../arm-none-eabi/lib/armv6-m\libc.a(lib_a-atexit.o)
 .comment       0x00000000       0x72 c:/program files (x86)/atmel/atmel toolchain/arm gcc/native/4.7.3.1029/arm-gnu-toolchain/bin/../lib/gcc/arm-none-eabi/4.7.3/armv6-m/crtend.o

.debug_info     0x00000000     0x210e
 .debug_info    0x00000000      0xa15 c:/program files (x86)/atmel/atmel toolchain/arm gcc/native/4.7.3.1029/arm-gnu-toolchain/bin/../lib/gcc/arm-none-eabi/4.7.3/../../../../arm-none-eabi/lib/armv6-m\libc.a(lib_a-__atexit.o)
 .debug_info    0x00000a15       0xf4 c:/program files (x86)/atmel/atmel toolchain/arm gcc/native/4.7.3.1029/arm-gnu-toolchain/bin/../lib/gcc/arm-none-eabi/4.7.3/../../../../arm-none-eabi/lib/armv6-m\libc.a(lib_a-fini.o)
 .debug_info    0x00000b09      0x961 c:/program files (x86)/atmel/atmel toolchain/arm gcc/native/4.7.3.1029/arm-gnu-toolchain/bin/../lib/gcc/arm-none-eabi/4.7.3/../../../../arm-none-eabi/lib/armv6-m\libc.a(lib_a-impure.o)
 .debug_info    0x0000146a      0x112 c:/program files (x86)/atmel/atmel toolchain/arm gcc/native/4.7.3.1029/arm-gnu-toolchain/bin/../lib/gcc/arm-none-eabi/4.7.3/../../../../arm-none-eabi/lib/armv6-m\libc.a(lib_a-init.o)
 .debug_info    0x0000157c      0xa83 c:/program files (x86)/atmel/atmel toolchain/arm gcc/native/4.7.3.1029/arm-gnu-toolchain/bin/../lib/gcc/arm-none-eabi/4.7.3/../../../../arm-none-eabi/lib/armv6-m\libc.a(lib_a-__call_atexit.o)
 .debug_info    0x00001fff      0x10f c:/program files (x86)/atmel/atmel toolchain/arm gcc/native/4.7.3.1029/arm-gnu-toolchain/bin/../lib/gcc/arm-none-eabi/4.7.3/../../../../arm-none-eabi/lib/armv6-m\libc.a(lib_a-atexit.o)

.debug_abbrev   0x00000000      0x7d4
 .debug_abbrev  0x00000000      0x1fe c:/program files (x86)/atmel/atmel toolchain/arm gcc/native/4.7.3.1029/arm-gnu-toolchain/bin/../lib/gcc/arm-none-eabi/4.7.3/../../../../arm-none-eabi/lib/armv6-m\libc.a(lib_a-__atexit.o)
 .debug_abbrev  0x000001fe       0xb6 c:/program files (x86)/atmel/atmel toolchain/arm gcc/native/4.7.3.1029/arm-gnu-toolchain/bin/../lib/gcc/arm-none-eabi/4.7.3/../../../../arm-none-eabi/lib/armv6-m\libc.a(lib_a-fini.o)
 .debug_abbrev  0x000002b4      0x160 c:/program files (x86)/atmel/atmel toolchain/arm gcc/native/4.7.3.1029/arm-gnu-toolchain/bin/../lib/gcc/arm-none-eabi/4.7.3/../../../../arm-none-eabi/lib/armv6-m\libc.a(lib_a-impure.o)
 .debug_abbrev  0x00000414       0xb8 c:/program files (x86)/atmel/atmel toolchain/arm gcc/native/4.7.3.1029/arm-gnu-toolchain/bin/../lib/gcc/arm-none-eabi/4.7.3/../../../../arm-none-eabi/lib/armv6-m\libc.a(lib_a-init.o)
 .debug_abbrev  0x000004cc      0x255 c:/program files (x86)/atmel/atmel toolchain/arm gcc/native/4.7.3.1029/arm-gnu-toolchain/bin/../lib/gcc/arm-none-eabi/4.7.3/../../../../arm-none-eabi/lib/armv6-m\libc.a(lib_a-__call_atexit.o)
 .debug_abbrev  0x00000721       0xb3 c:/program files (x86)/atmel/atmel toolchain/arm gcc/native/4.7.3.1029/arm-gnu-toolchain/bin/../lib/gcc/arm-none-eabi/4.7.3/../../../../arm-none-eabi/lib/armv6-m\libc.a(lib_a-atexit.o)

.debug_loc      0x00000000      0x417
 .debug_loc     0x00000000      0x152 c:/program files (x86)/atmel/atmel toolchain/arm gcc/native/4.7.3.1029/arm-gnu-toolchain/bin/../lib/gcc/arm-none-eabi/4.7.3/../../../../arm-none-eabi/lib/armv6-m\libc.a(lib_a-__atexit.o)
 .debug_loc     0x00000152       0x33 c:/program files (x86)/atmel/atmel toolchain/arm gcc/native/4.7.3.1029/arm-gnu-toolchain/bin/../lib/gcc/arm-none-eabi/4.7.3/../../../../arm-none-eabi/lib/armv6-m\libc.a(lib_a-fini.o)
 .debug_loc     0x00000185       0x69 c:/program files (x86)/atmel/atmel toolchain/arm gcc/native/4.7.3.1029/arm-gnu-toolchain/bin/../lib/gcc/arm-none-eabi/4.7.3/../../../../arm-none-eabi/lib/armv6-m\libc.a(lib_a-init.o)
 .debug_loc     0x000001ee      0x1dd c:/program files (x86)/atmel/atmel toolchain/arm gcc/native/4.7.3.1029/arm-gnu-toolchain/bin/../lib/gcc/arm-none-eabi/4.7.3/../../../../arm-none-eabi/lib/armv6-m\libc.a(lib_a-__call_atexit.o)
 .debug_loc     0x000003cb       0x4c c:/program files (x86)/atmel/atmel toolchain/arm gcc/native/4.7.3.1029/arm-gnu-toolchain/bin/../lib/gcc/arm-none-eabi/4.7.3/../../../../arm-none-eabi/lib/armv6-m\libc.a(lib_a-atexit.o)

.debug_aranges  0x00000000       0xc0
 .debug_aranges
                0x00000000       0x20 c:/program files (x86)/atmel/atmel toolchain/arm gcc/native/4.7.3.1029/arm-gnu-toolchain/bin/../lib/gcc/arm-none-eabi/4.7.3/../../../../arm-none-eabi/lib/armv6-m\libc.a(lib_a-__atexit.o)
 .debug_aranges
                0x00000020       0x20 c:/program files (x86)/atmel/atmel toolchain/arm gcc/native/4.7.3.1029/arm-gnu-toolchain/bin/../lib/gcc/arm-none-eabi/4.7.3/../../../../arm-none-eabi/lib/armv6-m\libc.a(lib_a-fini.o)
 .debug_aranges
                0x00000040       0x18 c:/program files (x86)/atmel/atmel toolchain/arm gcc/native/4.7.3.1029/arm-gnu-toolchain/bin/../lib/gcc/arm-none-eabi/4.7.3/../../../../arm-none-eabi/lib/armv6-m\libc.a(lib_a-impure.o)
 .debug_aranges
                0x00000058       0x20 c:/program files (x86)/atmel/atmel toolchain/arm gcc/native/4.7.3.1029/arm-gnu-toolchain/bin/../lib/gcc/arm-none-eabi/4.7.3/../../../../arm-none-eabi/lib/armv6-m\libc.a(lib_a-init.o)
 .debug_aranges
                0x00000078       0x28 c:/program files (x86)/atmel/atmel toolchain/arm gcc/native/4.7.3.1029/arm-gnu-toolchain/bin/../lib/gcc/arm-none-eabi/4.7.3/../../../../arm-none-eabi/lib/armv6-m\libc.a(lib_a-__call_atexit.o)
 .debug_aranges
                0x000000a0       0x20 c:/program files (x86)/atmel/atmel toolchain/arm gcc/native/4.7.3.1029/arm-gnu-toolchain/bin/../lib/gcc/arm-none-eabi/4.7.3/../../../../arm-none-eabi/lib/armv6-m\libc.a(lib_a-atexit.o)

.debug_line     0x00000000      0x9ac
 .debug_line    0x00000000      0x234 c:/program files (x86)/atmel/atmel toolchain/arm gcc/native/4.7.3.1029/arm-gnu-toolchain/bin/../lib/gcc/arm-none-eabi/4.7.3/../../../../arm-none-eabi/lib/armv6-m\libc.a(lib_a-__atexit.o)
 .debug_line    0x00000234      0x127 c:/program files (x86)/atmel/atmel toolchain/arm gcc/native/4.7.3.1029/arm-gnu-toolchain/bin/../lib/gcc/arm-none-eabi/4.7.3/../../../../arm-none-eabi/lib/armv6-m\libc.a(lib_a-fini.o)
 .debug_line    0x0000035b      0x183 c:/program files (x86)/atmel/atmel toolchain/arm gcc/native/4.7.3.1029/arm-gnu-toolchain/bin/../lib/gcc/arm-none-eabi/4.7.3/../../../../arm-none-eabi/lib/armv6-m\libc.a(lib_a-impure.o)
 .debug_line    0x000004de      0x145 c:/program files (x86)/atmel/atmel toolchain/arm gcc/native/4.7.3.1029/arm-gnu-toolchain/bin/../lib/gcc/arm-none-eabi/4.7.3/../../../../arm-none-eabi/lib/armv6-m\libc.a(lib_a-init.o)
 .debug_line    0x00000623      0x27f c:/program files (x86)/atmel/atmel toolchain/arm gcc/native/4.7.3.1029/arm-gnu-toolchain/bin/../lib/gcc/arm-none-eabi/4.7.3/../../../../arm-none-eabi/lib/armv6-m\libc.a(lib_a-__call_atexit.o)
 .debug_line    0x000008a2      0x10a c:/program files (x86)/atmel/atmel toolchain/arm gcc/native/4.7.3.1029/arm-gnu-toolchain/bin/../lib/gcc/arm-none-eabi/4.7.3/../../../../arm-none-eabi/lib/armv6-m\libc.a(lib_a-atexit.o)

.debug_str      0x00000000      0x7df
 .debug_str     0x00000000      0x502 c:/program files (x86)/atmel/atmel toolchain/arm gcc/native/4.7.3.1029/arm-gnu-toolchain/bin/../lib/gcc/arm-none-eabi/4.7.3/../../../../arm-none-eabi/lib/armv6-m\libc.a(lib_a-__atexit.o)
                                0x56d (size before relaxing)
 .debug_str     0x00000502       0x96 c:/program files (x86)/atmel/atmel toolchain/arm gcc/native/4.7.3.1029/arm-gnu-toolchain/bin/../lib/gcc/arm-none-eabi/4.7.3/../../../../arm-none-eabi/lib/armv6-m\libc.a(lib_a-fini.o)
                                0x184 (size before relaxing)
 .debug_str     0x00000598       0x6f c:/program files (x86)/atmel/atmel toolchain/arm gcc/native/4.7.3.1029/arm-gnu-toolchain/bin/../lib/gcc/arm-none-eabi/4.7.3/../../../../arm-none-eabi/lib/armv6-m\libc.a(lib_a-impure.o)
                                0x518 (size before relaxing)
 .debug_str     0x00000607       0xc6 c:/program files (x86)/atmel/atmel toolchain/arm gcc/native/4.7.3.1029/arm-gnu-toolchain/bin/../lib/gcc/arm-none-eabi/4.7.3/../../../../arm-none-eabi/lib/armv6-m\libc.a(lib_a-init.o)
                                0x1ae (size before relaxing)
 .debug_str     0x000006cd       0xae c:/program files (x86)/atmel/atmel toolchain/arm gcc/native/4.7.3.1029/arm-gnu-toolchain/bin/../lib/gcc/arm-none-eabi/4.7.3/../../../../arm-none-eabi/lib/armv6-m\libc.a(lib_a-__call_atexit.o)
                                0x569 (size before relaxing)
 .debug_str     0x0000077b       0x64 c:/program files (x86)/atmel/atmel toolchain/arm gcc/native/4.7.3.1029/arm-gnu-toolchain/bin/../lib/gcc/arm-none-eabi/4.7.3/../../../../arm-none-eabi/lib/armv6-m\libc.a(lib_a-atexit.o)
                                0x18a (size before relaxing)

.debug_frame    0x00000000       0xfc
 .debug_frame   0x00000000       0x34 c:/program files (x86)/atmel/atmel toolchain/arm gcc/native/4.7.3.1029/arm-gnu-toolchain/bin/../lib/gcc/arm-none-eabi/4.7.3/../../../../arm-none-eabi/lib/armv6-m\libc.a(lib_a-__atexit.o)
 .debug_frame   0x00000034       0x2c c:/program files (x86)/atmel/atmel toolchain/arm gcc/native/4.7.3.1029/arm-gnu-toolchain/bin/../lib/gcc/arm-none-eabi/4.7.3/../../../../arm-none-eabi/lib/armv6-m\libc.a(lib_a-fini.o)
 .debug_frame   0x00000060       0x2c c:/program files (x86)/atmel/atmel toolchain/arm gcc/native/4.7.3.1029/arm-gnu-toolchain/bin/../lib/gcc/arm-none-eabi/4.7.3/../../../../arm-none-eabi/lib/armv6-m\libc.a(lib_a-init.o)
 .debug_frame   0x0000008c       0x48 c:/program files (x86)/atmel/atmel toolchain/arm gcc/native/4.7.3.1029/arm-gnu-toolchain/bin/../lib/gcc/arm-none-eabi/4.7.3/../../../../arm-none-eabi/lib/armv6-m\libc.a(lib_a-__call_atexit.o)
 .debug_frame   0x000000d4       0x28 c:/program files (x86)/atmel/atmel toolchain/arm gcc/native/4.7.3.1029/arm-gnu-toolchain/bin/../lib/gcc/arm-none-eabi/4.7.3/../../../../arm-none-eabi/lib/armv6-m\libc.a(lib_a-atexit.o)

.debug_ranges   0x00000000       0x38
 .debug_ranges  0x00000000       0x38 c:/program files (x86)/atmel/atmel toolchain/arm gcc/native/4.7.3.1029/arm-gnu-toolchain/bin/../lib/gcc/arm-none-eabi/4.7.3/../../../../arm-none-eabi/lib/armv6-m\libc.a(lib_a-__call_atexit.o)
